Archive member included to satisfy reference by file (symbol)

/opt/Xuantie-900-gcc-elf-newlib-x86_64-V2.8.1/bin/../lib/gcc/riscv64-unknown-elf/10.4.0/../../../../riscv64-unknown-elf/lib/rv64imafdc/lp64d/libc.a(lib_a-atoi.o)
                              build/kernel/components/drivers/pin/pin.o (atoi)
/opt/Xuantie-900-gcc-elf-newlib-x86_64-V2.8.1/bin/../lib/gcc/riscv64-unknown-elf/10.4.0/../../../../riscv64-unknown-elf/lib/rv64imafdc/lp64d/libc.a(lib_a-ctype_.o)
                              build/kernel/components/libc/compilers/common/cstring.o (_ctype_)
/opt/Xuantie-900-gcc-elf-newlib-x86_64-V2.8.1/bin/../lib/gcc/riscv64-unknown-elf/10.4.0/../../../../riscv64-unknown-elf/lib/rv64imafdc/lp64d/libc.a(lib_a-malloc.o)
                              build/kernel/components/libc/compilers/common/cstring.o (malloc)
/opt/Xuantie-900-gcc-elf-newlib-x86_64-V2.8.1/bin/../lib/gcc/riscv64-unknown-elf/10.4.0/../../../../riscv64-unknown-elf/lib/rv64imafdc/lp64d/libc.a(lib_a-memcmp.o)
                              build/kernel/components/finsh/shell.o (memcmp)
/opt/Xuantie-900-gcc-elf-newlib-x86_64-V2.8.1/bin/../lib/gcc/riscv64-unknown-elf/10.4.0/../../../../riscv64-unknown-elf/lib/rv64imafdc/lp64d/libc.a(lib_a-memset.o)
                              build/board/board.o (memset)
/opt/Xuantie-900-gcc-elf-newlib-x86_64-V2.8.1/bin/../lib/gcc/riscv64-unknown-elf/10.4.0/../../../../riscv64-unknown-elf/lib/rv64imafdc/lp64d/libc.a(lib_a-printf.o)
                              build/board/trap_c.o (printf)
/opt/Xuantie-900-gcc-elf-newlib-x86_64-V2.8.1/bin/../lib/gcc/riscv64-unknown-elf/10.4.0/../../../../riscv64-unknown-elf/lib/rv64imafdc/lp64d/libc.a(lib_a-strchr.o)
                              build/kernel/components/libc/compilers/common/cstring.o (strchr)
/opt/Xuantie-900-gcc-elf-newlib-x86_64-V2.8.1/bin/../lib/gcc/riscv64-unknown-elf/10.4.0/../../../../riscv64-unknown-elf/lib/rv64imafdc/lp64d/libc.a(lib_a-strcmp.o)
                              build/kernel/components/finsh/msh.o (strcmp)
/opt/Xuantie-900-gcc-elf-newlib-x86_64-V2.8.1/bin/../lib/gcc/riscv64-unknown-elf/10.4.0/../../../../riscv64-unknown-elf/lib/rv64imafdc/lp64d/libc.a(lib_a-strcpy.o)
                              build/kernel/components/libc/compilers/common/cstring.o (strcpy)
/opt/Xuantie-900-gcc-elf-newlib-x86_64-V2.8.1/bin/../lib/gcc/riscv64-unknown-elf/10.4.0/../../../../riscv64-unknown-elf/lib/rv64imafdc/lp64d/libc.a(lib_a-strlen.o)
                              build/kernel/components/libc/compilers/common/cstring.o (strlen)
/opt/Xuantie-900-gcc-elf-newlib-x86_64-V2.8.1/bin/../lib/gcc/riscv64-unknown-elf/10.4.0/../../../../riscv64-unknown-elf/lib/rv64imafdc/lp64d/libc.a(lib_a-strncmp.o)
                              build/kernel/components/finsh/msh.o (strncmp)
/opt/Xuantie-900-gcc-elf-newlib-x86_64-V2.8.1/bin/../lib/gcc/riscv64-unknown-elf/10.4.0/../../../../riscv64-unknown-elf/lib/rv64imafdc/lp64d/libc.a(lib_a-strncpy.o)
                              build/kernel/components/finsh/msh.o (strncpy)
/opt/Xuantie-900-gcc-elf-newlib-x86_64-V2.8.1/bin/../lib/gcc/riscv64-unknown-elf/10.4.0/../../../../riscv64-unknown-elf/lib/rv64imafdc/lp64d/libc.a(lib_a-strrchr.o)
                              build/kernel/components/libc/compilers/common/cstring.o (strrchr)
/opt/Xuantie-900-gcc-elf-newlib-x86_64-V2.8.1/bin/../lib/gcc/riscv64-unknown-elf/10.4.0/../../../../riscv64-unknown-elf/lib/rv64imafdc/lp64d/libc.a(lib_a-strtol.o)
                              /opt/Xuantie-900-gcc-elf-newlib-x86_64-V2.8.1/bin/../lib/gcc/riscv64-unknown-elf/10.4.0/../../../../riscv64-unknown-elf/lib/rv64imafdc/lp64d/libc.a(lib_a-atoi.o) (_strtol_r)
/opt/Xuantie-900-gcc-elf-newlib-x86_64-V2.8.1/bin/../lib/gcc/riscv64-unknown-elf/10.4.0/../../../../riscv64-unknown-elf/lib/rv64imafdc/lp64d/libc.a(lib_a-strtoul.o)
                              build/kernel/src/kservice.o (strtoul)
/opt/Xuantie-900-gcc-elf-newlib-x86_64-V2.8.1/bin/../lib/gcc/riscv64-unknown-elf/10.4.0/../../../../riscv64-unknown-elf/lib/rv64imafdc/lp64d/libc.a(lib_a-vfprintf.o)
                              /opt/Xuantie-900-gcc-elf-newlib-x86_64-V2.8.1/bin/../lib/gcc/riscv64-unknown-elf/10.4.0/../../../../riscv64-unknown-elf/lib/rv64imafdc/lp64d/libc.a(lib_a-printf.o) (_vfprintf_r)
/opt/Xuantie-900-gcc-elf-newlib-x86_64-V2.8.1/bin/../lib/gcc/riscv64-unknown-elf/10.4.0/../../../../riscv64-unknown-elf/lib/rv64imafdc/lp64d/libc.a(lib_a-wsetup.o)
                              /opt/Xuantie-900-gcc-elf-newlib-x86_64-V2.8.1/bin/../lib/gcc/riscv64-unknown-elf/10.4.0/../../../../riscv64-unknown-elf/lib/rv64imafdc/lp64d/libc.a(lib_a-vfprintf.o) (__swsetup_r)
/opt/Xuantie-900-gcc-elf-newlib-x86_64-V2.8.1/bin/../lib/gcc/riscv64-unknown-elf/10.4.0/../../../../riscv64-unknown-elf/lib/rv64imafdc/lp64d/libc.a(lib_a-fflush.o)
                              /opt/Xuantie-900-gcc-elf-newlib-x86_64-V2.8.1/bin/../lib/gcc/riscv64-unknown-elf/10.4.0/../../../../riscv64-unknown-elf/lib/rv64imafdc/lp64d/libc.a(lib_a-vfprintf.o) (_fflush_r)
[...]
Memory Configuration

Name             Origin             Length             Attributes
DRAM             0x0000000050000000 0x0000000000100000
*default*        0x0000000000000000 0xffffffffffffffff

Linker script and memory map

LOAD /opt/Xuantie-900-gcc-elf-newlib-x86_64-V2.8.1/bin/../lib/gcc/riscv64-unknown-elf/10.4.0/../../../../riscv64-unknown-elf/lib/rv64imafdc/lp64d/libsupc++.a
LOAD /opt/Xuantie-900-gcc-elf-newlib-x86_64-V2.8.1/bin/../lib/gcc/riscv64-unknown-elf/10.4.0/rv64imafdc/lp64d/libgcc.a
LOAD build/kernel/components/libc/compilers/common/cctype.o
LOAD build/kernel/components/libc/compilers/common/cstdlib.o
LOAD build/kernel/components/libc/compilers/common/cstring.o
LOAD build/kernel/components/libc/compilers/common/ctime.o
LOAD build/kernel/components/libc/compilers/common/cunistd.o
LOAD build/kernel/components/libc/compilers/common/cwchar.o
LOAD build/kernel/components/libc/compilers/newlib/syscalls.o
LOAD build/kernel/libcpu/risc-v/common/context_gcc.o
LOAD build/kernel/libcpu/risc-v/common/cpuport.o
LOAD build/kernel/libcpu/risc-v/common/interrupt_gcc.o
LOAD build/kernel/libcpu/risc-v/common/trap_common.o
LOAD build/kernel/libcpu/risc-v/rv64/cpuport.o
LOAD build/kernel/libcpu/risc-v/rv64/trap.o
LOAD build/applications/main.o
LOAD build/board/board.o
LOAD build/board/board_uart.o
LOAD build/board/devices.o
LOAD build/board/dw_uart_ll.o
LOAD build/board/interrupt.o
LOAD build/board/irq.o
LOAD build/board/irq_port.o
LOAD build/board/startup.o
LOAD build/board/sys_clk.o
LOAD build/board/system.o
LOAD build/board/target_get.o
LOAD build/board/tick.o
LOAD build/board/trap_c.o
LOAD build/board/uart.o
LOAD build/board/vectors.o
LOAD build/kernel/components/drivers/core/device.o
LOAD build/kernel/components/drivers/cputime/cputime.o
LOAD build/kernel/components/drivers/cputime/cputime_riscv.o
LOAD build/kernel/components/drivers/cputime/cputimer.o
LOAD build/kernel/components/drivers/ipc/completion_comm.o
LOAD build/kernel/components/drivers/ipc/completion_up.o
LOAD build/kernel/components/drivers/ipc/condvar.o
LOAD build/kernel/components/drivers/ipc/dataqueue.o
LOAD build/kernel/components/drivers/ipc/pipe.o
LOAD build/kernel/components/drivers/ipc/ringblk_buf.o
LOAD build/kernel/components/drivers/ipc/ringbuffer.o
LOAD build/kernel/components/drivers/ipc/waitqueue.o
LOAD build/kernel/components/drivers/ipc/workqueue.o
LOAD build/kernel/components/drivers/pin/pin.o
LOAD build/kernel/components/drivers/serial/serial.o
LOAD build/kernel/components/finsh/cmd.o
LOAD build/kernel/components/finsh/msh.o
LOAD build/kernel/components/finsh/msh_parse.o
LOAD build/kernel/components/finsh/shell.o
LOAD build/kernel/src/clock.o
LOAD build/kernel/src/components.o
LOAD build/kernel/src/cpu_up.o
LOAD build/kernel/src/idle.o
LOAD build/kernel/src/ipc.o
LOAD build/kernel/src/irq.o
LOAD build/kernel/src/klibc/kstdio.o
LOAD build/kernel/src/klibc/kstring.o
LOAD build/kernel/src/kservice.o
LOAD build/kernel/src/mem.o
LOAD build/kernel/src/mempool.o
LOAD build/kernel/src/object.o
LOAD build/kernel/src/scheduler_comm.o
LOAD build/kernel/src/scheduler_up.o
LOAD build/kernel/src/thread.o
LOAD build/kernel/src/timer.o
LOAD /opt/Xuantie-900-gcc-elf-newlib-x86_64-V2.8.1/bin/../lib/gcc/riscv64-unknown-elf/10.4.0/../../../../riscv64-unknown-elf/lib/rv64imafdc/lp64d/libc.a
LOAD /opt/Xuantie-900-gcc-elf-newlib-x86_64-V2.8.1/bin/../lib/gcc/riscv64-unknown-elf/10.4.0/../../../../riscv64-unknown-elf/lib/rv64imafdc/lp64d/libm.a
LOAD /opt/Xuantie-900-gcc-elf-newlib-x86_64-V2.8.1/bin/../lib/gcc/riscv64-unknown-elf/10.4.0/rv64imafdc/lp64d/libgcc.a
START GROUP
LOAD /opt/Xuantie-900-gcc-elf-newlib-x86_64-V2.8.1/bin/../lib/gcc/riscv64-unknown-elf/10.4.0/../../../../riscv64-unknown-elf/lib/rv64imafdc/lp64d/libc.a
LOAD /opt/Xuantie-900-gcc-elf-newlib-x86_64-V2.8.1/bin/../lib/gcc/riscv64-unknown-elf/10.4.0/../../../../riscv64-unknown-elf/lib/rv64imafdc/lp64d/libgloss.a
END GROUP
LOAD /opt/Xuantie-900-gcc-elf-newlib-x86_64-V2.8.1/bin/../lib/gcc/riscv64-unknown-elf/10.4.0/rv64imafdc/lp64d/libgcc.a
                0x0000000000001000                _STACK_SIZE = 0x1000
                0x0000000000000200                __min_heap_size = 0x200
                0x00000000500ffff8                PROVIDE (__ram_end = 0x500ffff8)
                0x00000000500ffff8                PROVIDE (__heap_end = __ram_end)

.text           0x0000000050000000    0x14988
 *(.vectors)
 .vectors       0x0000000050000000       0x40 build/board/startup.o
                0x0000000050000000                __Vectors
 *(.boot)
 *(.text)
 .text          0x0000000050000040      0x154 build/kernel/libcpu/risc-v/common/context_gcc.o
                0x0000000050000040                rt_hw_interrupt_disable
                0x0000000050000046                rt_hw_interrupt_enable
                0x000000005000004c                rt_hw_context_switch_to
                0x0000000050000064                rt_hw_context_switch
                0x00000000500000fc                rt_hw_context_switch_exit
 .text          0x0000000050000194       0x78 build/board/startup.o
                0x00000000500001c8                Reset_Handler
 *fill*         0x000000005000020c        0x4 
 .text          0x0000000050000210      0x41e build/board/vectors.o
                0x0000000050000210                Scoret_Handler
                0x00000000500002f8                Mcoret_Handler
                0x00000000500003e0                Sirq_Handler
                0x00000000500004c8                Mirq_Handler
                0x0000000050000540                _interrupt_return_address
                0x00000000500005b0                trap
                0x0000000050000628                Mtspend_Handler
                0x0000000050000628                Default_Handler
                0x0000000050000628                Stspend_Handler
 .text          0x000000005000062e       0x28 /opt/Xuantie-900-gcc-elf-newlib-x86_64-V2.8.1/bin/../lib/gcc/riscv64-unknown-elf/10.4.0/../../../../riscv64-unknown-elf/lib/rv64imafdc/lp64d/libc.a(lib_a-atoi.o)
                0x000000005000062e                atoi
                0x0000000050000642                _atoi_r
 .text          0x0000000050000656       0x52 /opt/Xuantie-900-gcc-elf-newlib-x86_64-V2.8.1/bin/../lib/gcc/riscv64-unknown-elf/10.4.0/../../../../riscv64-unknown-elf/lib/rv64imafdc/lp64d/libc.a(lib_a-memcmp.o)
                0x0000000050000656                memcmp
 *fill*         0x00000000500006a8        0x0 
 .text          0x00000000500006a8       0xaa /opt/Xuantie-900-gcc-elf-newlib-x86_64-V2.8.1/bin/../lib/gcc/riscv64-unknown-elf/10.4.0/../../../../riscv64-unknown-elf/lib/rv64imafdc/lp64d/libc.a(lib_a-memset.o)
                0x00000000500006a8                memset
 .text          0x0000000050000752       0x4e /opt/Xuantie-900-gcc-elf-newlib-x86_64-V2.8.1/bin/../lib/gcc/riscv64-unknown-elf/10.4.0/../../../../riscv64-unknown-elf/lib/rv64imafdc/lp64d/libc.a(lib_a-printf.o)
                0x0000000050000752                _printf_r
                0x0000000050000774                printf
 .text          0x00000000500007a0       0xf6 /opt/Xuantie-900-gcc-elf-newlib-x86_64-V2.8.1/bin/../lib/gcc/riscv64-unknown-elf/10.4.0/../../../../riscv64-unknown-elf/lib/rv64imafdc/lp64d/libc.a(lib_a-strchr.o)
                0x00000000500007a0                strchr
 *fill*         0x0000000050000896        0x2 
 .text          0x0000000050000898       0xea /opt/Xuantie-900-gcc-elf-newlib-x86_64-V2.8.1/bin/../lib/gcc/riscv64-unknown-elf/10.4.0/../../../../riscv64-unknown-elf/lib/rv64imafdc/lp64d/libc.a(lib_a-strcmp.o)
                0x0000000050000898                strcmp
 *fill*         0x0000000050000982        0x2 
 .text          0x0000000050000984       0xa2 /opt/Xuantie-900-gcc-elf-newlib-x86_64-V2.8.1/bin/../lib/gcc/riscv64-unknown-elf/10.4.0/../../../../riscv64-unknown-elf/lib/rv64imafdc/lp64d/libc.a(lib_a-strcpy.o)
                0x0000000050000984                strcpy
 *fill*         0x0000000050000a26        0x2 
 .text          0x0000000050000a28       0x96 /opt/Xuantie-900-gcc-elf-newlib-x86_64-V2.8.1/bin/../lib/gcc/riscv64-unknown-elf/10.4.0/../../../../riscv64-unknown-elf/lib/rv64imafdc/lp64d/libc.a(lib_a-strlen.o)
                0x0000000050000a28                strlen
 .text          0x0000000050000abe       0x94 /opt/Xuantie-900-gcc-elf-newlib-x86_64-V2.8.1/bin/../lib/gcc/riscv64-unknown-elf/10.4.0/../../../../riscv64-unknown-elf/lib/rv64imafdc/lp64d/libc.a(lib_a-strncmp.o)
                0x0000000050000abe                strncmp
 .text          0x0000000050000b52       0x7a /opt/Xuantie-900-gcc-elf-newlib-x86_64-V2.8.1/bin/../lib/gcc/riscv64-unknown-elf/10.4.0/../../../../riscv64-unknown-elf/lib/rv64imafdc/lp64d/libc.a(lib_a-strncpy.o)
                0x0000000050000b52                strncpy
 .text          0x0000000050000bcc      0x1d6 /opt/Xuantie-900-gcc-elf-newlib-x86_64-V2.8.1/bin/../lib/gcc/riscv64-unknown-elf/10.4.0/../../../../riscv64-unknown-elf/lib/rv64imafdc/lp64d/libc.a(lib_a-strtol.o)
                0x0000000050000d1e                _strtol_r
                0x0000000050000d42                strtol_l
                0x0000000050000d72                strtol
 .text          0x0000000050000da2      0x188 /opt/Xuantie-900-gcc-elf-newlib-x86_64-V2.8.1/bin/../lib/gcc/riscv64-unknown-elf/10.4.0/../../../../riscv64-unknown-elf/lib/rv64imafdc/lp64d/libc.a(lib_a-strtoul.o)
                0x0000000050000f0c                _strtoul_r
                0x0000000050000f0e                strtoul_l
                0x0000000050000f1c                strtoul
 .text          0x0000000050000f2a     0x1c76 /opt/Xuantie-900-gcc-elf-newlib-x86_64-V2.8.1/bin/../lib/gcc/riscv64-unknown-elf/10.4.0/../../../../riscv64-unknown-elf/lib/rv64imafdc/lp64d/libc.a(lib_a-vfprintf.o)
                0x0000000050000f2a                _vfprintf_r
                0x0000000050002ae0                vfprintf
 .text          0x0000000050002ba0       0xf8 /opt/Xuantie-900-gcc-elf-newlib-x86_64-V2.8.1/bin/../lib/gcc/riscv64-unknown-elf/10.4.0/../../../../riscv64-unknown-elf/lib/rv64imafdc/lp64d/libc.a(lib_a-wsetup.o)
                0x0000000050002ba0                __swsetup_r
 .text          0x0000000050002c98      0x2a0 /opt/Xuantie-900-gcc-elf-newlib-x86_64-V2.8.1/bin/../lib/gcc/riscv64-unknown-elf/10.4.0/../../../../riscv64-unknown-elf/lib/rv64imafdc/lp64d/libc.a(lib_a-fflush.o)
                0x0000000050002c98                __sflush_r
                0x0000000050002e2a                _fflush_r
                0x0000000050002eb2                fflush
 .text          0x0000000050002f38      0x35a /opt/Xuantie-900-gcc-elf-newlib-x86_64-V2.8.1/bin/../lib/gcc/riscv64-unknown-elf/10.4.0/../../../../riscv64-unknown-elf/lib/rv64imafdc/lp64d/libc.a(lib_a-findfp.o)
                0x0000000050002f38                _cleanup_r
                0x0000000050002f92                __sfmoreglue
                0x0000000050002fda                _cleanup
                0x0000000050002fec                __sinit
                0x0000000050003136                __sfp
                0x0000000050003234                __sfp_lock_acquire
                0x000000005000323c                __sfp_lock_release
                0x0000000050003244                __sinit_lock_acquire
                0x000000005000324c                __sinit_lock_release
                0x0000000050003254                __fp_lock_all
                0x0000000050003272                __fp_unlock_all
 .text          0x0000000050003292      0x10c /opt/Xuantie-900-gcc-elf-newlib-x86_64-V2.8.1/bin/../lib/gcc/riscv64-unknown-elf/10.4.0/../../../../riscv64-unknown-elf/lib/rv64imafdc/lp64d/libc.a(lib_a-fwalk.o)
                0x0000000050003292                _fwalk
                0x0000000050003314                _fwalk_reent
 .text          0x000000005000339e     0x2130 /opt/Xuantie-900-gcc-elf-newlib-x86_64-V2.8.1/bin/../lib/gcc/riscv64-unknown-elf/10.4.0/../../../../riscv64-unknown-elf/lib/rv64imafdc/lp64d/libc.a(lib_a-ldtoa.o)
                0x0000000050004616                _ldtoa_r
                0x000000005000548c                _ldcheck
 .text          0x00000000500054ce       0x12 /opt/Xuantie-900-gcc-elf-newlib-x86_64-V2.8.1/bin/../lib/gcc/riscv64-unknown-elf/10.4.0/../../../../riscv64-unknown-elf/lib/rv64imafdc/lp64d/libc.a(lib_a-localeconv.o)
                0x00000000500054ce                __localeconv_l
                0x00000000500054d4                _localeconv_r
                0x00000000500054da                localeconv
 .text          0x00000000500054e0       0x18 /opt/Xuantie-900-gcc-elf-newlib-x86_64-V2.8.1/bin/../lib/gcc/riscv64-unknown-elf/10.4.0/../../../../riscv64-unknown-elf/lib/rv64imafdc/lp64d/libc.a(lib_a-lock.o)
                0x00000000500054e0                __retarget_lock_init
                0x00000000500054e2                __retarget_lock_init_recursive
                0x00000000500054e4                __retarget_lock_close
                0x00000000500054e6                __retarget_lock_close_recursive
                0x00000000500054e8                __retarget_lock_acquire
                0x00000000500054ea                __retarget_lock_acquire_recursive
                0x00000000500054ec                __retarget_lock_try_acquire
                0x00000000500054f0                __retarget_lock_try_acquire_recursive
                0x00000000500054f4                __retarget_lock_release
                0x00000000500054f6                __retarget_lock_release_recursive
 .text          0x00000000500054f8      0x198 /opt/Xuantie-900-gcc-elf-newlib-x86_64-V2.8.1/bin/../lib/gcc/riscv64-unknown-elf/10.4.0/../../../../riscv64-unknown-elf/lib/rv64imafdc/lp64d/libc.a(lib_a-makebuf.o)
                0x00000000500054f8                __smakebuf_r
                0x000000005000560e                __swhatbuf_r
 .text          0x0000000050005690       0x96 /opt/Xuantie-900-gcc-elf-newlib-x86_64-V2.8.1/bin/../lib/gcc/riscv64-unknown-elf/10.4.0/../../../../riscv64-unknown-elf/lib/rv64imafdc/lp64d/libc.a(lib_a-memchr.o)
                0x0000000050005690                memchr
 .text          0x0000000050005726      0xcb6 /opt/Xuantie-900-gcc-elf-newlib-x86_64-V2.8.1/bin/../lib/gcc/riscv64-unknown-elf/10.4.0/../../../../riscv64-unknown-elf/lib/rv64imafdc/lp64d/libc.a(lib_a-mprec.o)
                0x0000000050005726                _Balloc
                0x0000000050005788                _Bfree
                0x000000005000579a                __multadd
                0x0000000050005884                __s2b
                0x000000005000596c                __hi0bits
                0x00000000500059ba                __lo0bits
                0x0000000050005a52                __i2b
                0x0000000050005abe                __multiply
                0x0000000050005c68                __pow5mult
                0x0000000050005d46                __lshift
                0x0000000050005e70                __mcmp
                0x0000000050005ea8                __mdiff
                0x0000000050006050                __ulp
                0x00000000500060ae                __b2d
                0x00000000500061a2                __d2b
                0x0000000050006298                __ratio
                0x000000005000631c                _mprec_log10
                0x000000005000634c                __copybits
                0x0000000050006394                __any_on
 .text          0x00000000500063dc       0x80 /opt/Xuantie-900-gcc-elf-newlib-x86_64-V2.8.1/bin/../lib/gcc/riscv64-unknown-elf/10.4.0/../../../../riscv64-unknown-elf/lib/rv64imafdc/lp64d/libc.a(lib_a-s_frexp.o)
                0x00000000500063dc                frexp
 .text          0x000000005000645c       0x8c /opt/Xuantie-900-gcc-elf-newlib-x86_64-V2.8.1/bin/../lib/gcc/riscv64-unknown-elf/10.4.0/../../../../riscv64-unknown-elf/lib/rv64imafdc/lp64d/libc.a(lib_a-sprintf.o)
                0x000000005000645c                _sprintf_r
                0x000000005000649e                sprintf
 .text          0x00000000500064e8       0xda /opt/Xuantie-900-gcc-elf-newlib-x86_64-V2.8.1/bin/../lib/gcc/riscv64-unknown-elf/10.4.0/../../../../riscv64-unknown-elf/lib/rv64imafdc/lp64d/libc.a(lib_a-stdio.o)
                0x00000000500064e8                __sread
                0x0000000050006520                __seofread
                0x0000000050006524                __swrite
                0x0000000050006578                __sseek
                0x00000000500065ba                __sclose
 .text          0x00000000500065c2     0x1afa /opt/Xuantie-900-gcc-elf-newlib-x86_64-V2.8.1/bin/../lib/gcc/riscv64-unknown-elf/10.4.0/../../../../riscv64-unknown-elf/lib/rv64imafdc/lp64d/libc.a(lib_a-svfprintf.o)
                0x00000000500065c2                _svfprintf_r
 .text          0x00000000500080bc      0xe1c /opt/Xuantie-900-gcc-elf-newlib-x86_64-V2.8.1/bin/../lib/gcc/riscv64-unknown-elf/10.4.0/../../../../riscv64-unknown-elf/lib/rv64imafdc/lp64d/libc.a(lib_a-vfiprintf.o)
                0x0000000050008160                __sprint_r
                0x000000005000816e                _vfiprintf_r
                0x0000000050008e18                vfiprintf
 .text          0x0000000050008ed8       0x4c /opt/Xuantie-900-gcc-elf-newlib-x86_64-V2.8.1/bin/../lib/gcc/riscv64-unknown-elf/10.4.0/../../../../riscv64-unknown-elf/lib/rv64imafdc/lp64d/libc.a(lib_a-assert.o)
                0x0000000050008ed8                __assert_func
                0x0000000050008f18                __assert
 .text          0x0000000050008f24      0x10c /opt/Xuantie-900-gcc-elf-newlib-x86_64-V2.8.1/bin/../lib/gcc/riscv64-unknown-elf/10.4.0/../../../../riscv64-unknown-elf/lib/rv64imafdc/lp64d/libc.a(lib_a-fclose.o)
                0x0000000050008f24                _fclose_r
                0x0000000050009028                fclose
 .text          0x0000000050009030       0x4c /opt/Xuantie-900-gcc-elf-newlib-x86_64-V2.8.1/bin/../lib/gcc/riscv64-unknown-elf/10.4.0/../../../../riscv64-unknown-elf/lib/rv64imafdc/lp64d/libc.a(lib_a-fiprintf.o)
                0x0000000050009030                _fiprintf_r
                0x0000000050009050                fiprintf
 .text          0x000000005000907c      0x1fa /opt/Xuantie-900-gcc-elf-newlib-x86_64-V2.8.1/bin/../lib/gcc/riscv64-unknown-elf/10.4.0/../../../../riscv64-unknown-elf/lib/rv64imafdc/lp64d/libc.a(lib_a-fputwc.o)
                0x000000005000907c                __fputwc
                0x0000000050009142                _fputwc_r
                0x00000000500091d2                fputwc
 .text          0x0000000050009276      0x324 /opt/Xuantie-900-gcc-elf-newlib-x86_64-V2.8.1/bin/../lib/gcc/riscv64-unknown-elf/10.4.0/../../../../riscv64-unknown-elf/lib/rv64imafdc/lp64d/libc.a(lib_a-fvwrite.o)
                0x0000000050009276                __sfvwrite_r
 .text          0x000000005000959a       0xb6 /opt/Xuantie-900-gcc-elf-newlib-x86_64-V2.8.1/bin/../lib/gcc/riscv64-unknown-elf/10.4.0/../../../../riscv64-unknown-elf/lib/rv64imafdc/lp64d/libc.a(lib_a-locale.o)
                0x000000005000959a                _setlocale_r
                0x00000000500095f2                __locale_mb_cur_max
                0x00000000500095f8                setlocale
 .text          0x0000000050009650       0x46 /opt/Xuantie-900-gcc-elf-newlib-x86_64-V2.8.1/bin/../lib/gcc/riscv64-unknown-elf/10.4.0/../../../../riscv64-unknown-elf/lib/rv64imafdc/lp64d/libc.a(lib_a-mbtowc_r.o)
                0x0000000050009650                _mbtowc_r
                0x0000000050009656                __ascii_mbtowc
 *fill*         0x0000000050009696        0x2 
 .text          0x0000000050009698       0xbe /opt/Xuantie-900-gcc-elf-newlib-x86_64-V2.8.1/bin/../lib/gcc/riscv64-unknown-elf/10.4.0/../../../../riscv64-unknown-elf/lib/rv64imafdc/lp64d/libc.a(lib_a-memcpy-asm.o)
                0x0000000050009698                memcpy
 .text          0x0000000050009756       0xd6 /opt/Xuantie-900-gcc-elf-newlib-x86_64-V2.8.1/bin/../lib/gcc/riscv64-unknown-elf/10.4.0/../../../../riscv64-unknown-elf/lib/rv64imafdc/lp64d/libc.a(lib_a-memmove-stub.o)
                0x0000000050009756                memmove
 .text          0x000000005000982c      0xb8a /opt/Xuantie-900-gcc-elf-newlib-x86_64-V2.8.1/bin/../lib/gcc/riscv64-unknown-elf/10.4.0/../../../../riscv64-unknown-elf/lib/rv64imafdc/lp64d/libc.a(lib_a-svfiprintf.o)
                0x000000005000982c                __ssprint_r
                0x000000005000998a                _svfiprintf_r
 .text          0x000000005000a3b6      0x104 /opt/Xuantie-900-gcc-elf-newlib-x86_64-V2.8.1/bin/../lib/gcc/riscv64-unknown-elf/10.4.0/../../../../riscv64-unknown-elf/lib/rv64imafdc/lp64d/libc.a(lib_a-wbuf.o)
                0x000000005000a3b6                __swbuf_r
                0x000000005000a4ae                __swbuf
 .text          0x000000005000a4ba       0x96 /opt/Xuantie-900-gcc-elf-newlib-x86_64-V2.8.1/bin/../lib/gcc/riscv64-unknown-elf/10.4.0/../../../../riscv64-unknown-elf/lib/rv64imafdc/lp64d/libc.a(lib_a-wcrtomb.o)
                0x000000005000a4ba                _wcrtomb_r
                0x000000005000a4fe                wcrtomb
 .text          0x000000005000a550       0x2a /opt/Xuantie-900-gcc-elf-newlib-x86_64-V2.8.1/bin/../lib/gcc/riscv64-unknown-elf/10.4.0/../../../../riscv64-unknown-elf/lib/rv64imafdc/lp64d/libc.a(lib_a-wctomb_r.o)
                0x000000005000a550                _wctomb_r
                0x000000005000a556                __ascii_wctomb
 .text          0x000000005000a57a       0x10 /opt/Xuantie-900-gcc-elf-newlib-x86_64-V2.8.1/bin/../lib/gcc/riscv64-unknown-elf/10.4.0/../../../../riscv64-unknown-elf/lib/rv64imafdc/lp64d/libc.a(lib_a-abort.o)
                0x000000005000a57a                abort
 .text          0x000000005000a58a      0x356 /opt/Xuantie-900-gcc-elf-newlib-x86_64-V2.8.1/bin/../lib/gcc/riscv64-unknown-elf/10.4.0/../../../../riscv64-unknown-elf/lib/rv64imafdc/lp64d/libc.a(lib_a-signal.o)
                0x000000005000a58a                _init_signal_r
                0x000000005000a5c6                _signal_r
                0x000000005000a62a                _raise_r
                0x000000005000a6a8                __sigtramp_r
                0x000000005000a730                raise
                0x000000005000a7ae                signal
                0x000000005000a81a                _init_signal
                0x000000005000a858                __sigtramp
 .text          0x000000005000a8e0       0x94 /opt/Xuantie-900-gcc-elf-newlib-x86_64-V2.8.1/bin/../lib/gcc/riscv64-unknown-elf/10.4.0/rv64imafdc/lp64d/libgcc.a(eqtf2.o)
                0x000000005000a8e0                __eqtf2
                0x000000005000a8e0                __netf2
 .text          0x000000005000a974       0xa6 /opt/Xuantie-900-gcc-elf-newlib-x86_64-V2.8.1/bin/../lib/gcc/riscv64-unknown-elf/10.4.0/rv64imafdc/lp64d/libgcc.a(getf2.o)
                0x000000005000a974                __getf2
                0x000000005000a974                __gttf2
 .text          0x000000005000aa1a       0xa6 /opt/Xuantie-900-gcc-elf-newlib-x86_64-V2.8.1/bin/../lib/gcc/riscv64-unknown-elf/10.4.0/rv64imafdc/lp64d/libgcc.a(letf2.o)
                0x000000005000aa1a                __letf2
                0x000000005000aa1a                __lttf2
 .text          0x000000005000aac0      0x5f8 /opt/Xuantie-900-gcc-elf-newlib-x86_64-V2.8.1/bin/../lib/gcc/riscv64-unknown-elf/10.4.0/rv64imafdc/lp64d/libgcc.a(multf3.o)
                0x000000005000aac0                __multf3
 .text          0x000000005000b0b8      0x82a /opt/Xuantie-900-gcc-elf-newlib-x86_64-V2.8.1/bin/../lib/gcc/riscv64-unknown-elf/10.4.0/rv64imafdc/lp64d/libgcc.a(subtf3.o)
                0x000000005000b0b8                __subtf3
 .text          0x000000005000b8e2       0x90 /opt/Xuantie-900-gcc-elf-newlib-x86_64-V2.8.1/bin/../lib/gcc/riscv64-unknown-elf/10.4.0/rv64imafdc/lp64d/libgcc.a(fixtfsi.o)
                0x000000005000b8e2                __fixtfsi
 .text          0x000000005000b972       0x58 /opt/Xuantie-900-gcc-elf-newlib-x86_64-V2.8.1/bin/../lib/gcc/riscv64-unknown-elf/10.4.0/rv64imafdc/lp64d/libgcc.a(floatsitf.o)
                0x000000005000b972                __floatsitf
 .text          0x000000005000b9ca       0xc2 /opt/Xuantie-900-gcc-elf-newlib-x86_64-V2.8.1/bin/../lib/gcc/riscv64-unknown-elf/10.4.0/rv64imafdc/lp64d/libgcc.a(extenddftf2.o)
                0x000000005000b9ca                __extenddftf2
 .text          0x000000005000ba8c      0x22c /opt/Xuantie-900-gcc-elf-newlib-x86_64-V2.8.1/bin/../lib/gcc/riscv64-unknown-elf/10.4.0/rv64imafdc/lp64d/libgcc.a(trunctfdf2.o)
                0x000000005000ba8c                __trunctfdf2
 .text          0x000000005000bcb8       0x30 /opt/Xuantie-900-gcc-elf-newlib-x86_64-V2.8.1/bin/../lib/gcc/riscv64-unknown-elf/10.4.0/rv64imafdc/lp64d/libgcc.a(_clzsi2.o)
                0x000000005000bcb8                __clzdi2
 *(.text.*)
 .text.__rt_libc_exit
                0x000000005000bce8       0x56 build/kernel/components/libc/compilers/common/cstdlib.o
                0x000000005000bce8                __rt_libc_exit
 .text._malloc_r
                0x000000005000bd3e       0x24 build/kernel/components/libc/compilers/newlib/syscalls.o
                0x000000005000bd3e                _malloc_r
 .text._realloc_r
                0x000000005000bd62       0x28 build/kernel/components/libc/compilers/newlib/syscalls.o
                0x000000005000bd62                _realloc_r
 .text._calloc_r
                0x000000005000bd8a       0x28 build/kernel/components/libc/compilers/newlib/syscalls.o
                0x000000005000bd8a                _calloc_r
 .text._free_r  0x000000005000bdb2        0x6 build/kernel/components/libc/compilers/newlib/syscalls.o
                0x000000005000bdb2                _free_r
 .text.__errno  0x000000005000bdb8        0x4 build/kernel/components/libc/compilers/newlib/syscalls.o
                0x000000005000bdb8                __errno
 .text._getpid_r
                0x000000005000bdbc        0x4 build/kernel/components/libc/compilers/newlib/syscalls.o
                0x000000005000bdbc                _getpid_r
 .text._close_r
                0x000000005000bdc0       0x4c build/kernel/components/libc/compilers/newlib/syscalls.o
                0x000000005000bdc0                _close_r
 .text._fstat_r
                0x000000005000be0c        0xa build/kernel/components/libc/compilers/newlib/syscalls.o
                0x000000005000be0c                _fstat_r
 .text._isatty_r
                0x000000005000be16        0x6 build/kernel/components/libc/compilers/newlib/syscalls.o
                0x000000005000be16                _isatty_r
 .text._kill_r  0x000000005000be1c        0xa build/kernel/components/libc/compilers/newlib/syscalls.o
                0x000000005000be1c                _kill_r
 .text._lseek_r
                0x000000005000be26       0x4c build/kernel/components/libc/compilers/newlib/syscalls.o
                0x000000005000be26                _lseek_r
 .text._read_r  0x000000005000be72       0x4c build/kernel/components/libc/compilers/newlib/syscalls.o
                0x000000005000be72                _read_r
 .text._write_r
                0x000000005000bebe       0x72 build/kernel/components/libc/compilers/newlib/syscalls.o
                0x000000005000bebe                _write_r
 .text._exit    0x000000005000bf30        0xa build/kernel/components/libc/compilers/newlib/syscalls.o
                0x000000005000bf30                _exit
 .text.rt_hw_stack_init
                0x000000005000bf3a       0x38 build/kernel/libcpu/risc-v/common/cpuport.o
                0x000000005000bf3a                rt_hw_stack_init
 .text.rt_trigger_software_interrupt
                0x000000005000bf72        0x2 build/kernel/libcpu/risc-v/common/cpuport.o
                0x000000005000bf72                rt_trigger_software_interrupt
 .text.rt_hw_context_switch_interrupt
                0x000000005000bf74       0x18 build/kernel/libcpu/risc-v/common/cpuport.o
                0x000000005000bf74                rt_hw_context_switch_interrupt
 .text.startup.main
                0x000000005000bf8c       0x18 build/applications/main.o
                0x000000005000bf8c                main
 .text.section_bss_clear
                0x000000005000bfa4       0x14 build/board/board.o
                0x000000005000bfa4                section_bss_clear
 .text.rt_hw_board_init
                0x000000005000bfb8       0x58 build/board/board.o
                0x000000005000bfb8                rt_hw_board_init
 .text.uart_isr
                0x000000005000c010       0x20 build/board/board_uart.o
                0x000000005000c010                uart_isr
 .text.uart_getc
                0x000000005000c030       0x14 build/board/board_uart.o
 .text.uart_putc
                0x000000005000c044       0x14 build/board/board_uart.o
 .text.rt_hw_uart_init
                0x000000005000c058       0x7a build/board/board_uart.o
                0x000000005000c058                rt_hw_uart_init
 .text.dw_uart_wait_timeout
                0x000000005000c0d2       0x4e build/board/dw_uart_ll.o
                0x000000005000c0d2                dw_uart_wait_timeout
 .text.dw_uart_config_baudrate
                0x000000005000c120       0x5a build/board/dw_uart_ll.o
                0x000000005000c120                dw_uart_config_baudrate
 .text.dw_uart_config_stop_bits
                0x000000005000c17a       0x50 build/board/dw_uart_ll.o
                0x000000005000c17a                dw_uart_config_stop_bits
 .text.dw_uart_config_parity_none
                0x000000005000c1ca       0x1c build/board/dw_uart_ll.o
                0x000000005000c1ca                dw_uart_config_parity_none
 .text.dw_uart_config_parity_odd
                0x000000005000c1e6       0x24 build/board/dw_uart_ll.o
                0x000000005000c1e6                dw_uart_config_parity_odd
 .text.dw_uart_config_parity_even
                0x000000005000c20a       0x26 build/board/dw_uart_ll.o
                0x000000005000c20a                dw_uart_config_parity_even
 .text.dw_uart_config_data_bits
                0x000000005000c230       0x2c build/board/dw_uart_ll.o
                0x000000005000c230                dw_uart_config_data_bits
 .text.rt_hw_interrupt_handler
                0x000000005000c25c        0xe build/board/interrupt.o
 .text.rt_hw_interrupt_init
                0x000000005000c26a       0x44 build/board/interrupt.o
                0x000000005000c26a                rt_hw_interrupt_init
 .text.rt_hw_interrupt_umask
                0x000000005000c2ae        0x2 build/board/interrupt.o
                0x000000005000c2ae                rt_hw_interrupt_umask
 .text.rt_hw_interrupt_install
                0x000000005000c2b0       0x1e build/board/interrupt.o
                0x000000005000c2b0                rt_hw_interrupt_install
 .text.CORET_IRQHandler
                0x000000005000c2ce       0x2e build/board/irq.o
                0x000000005000c2ce                CORET_IRQHandler
 .text.do_irq   0x000000005000c2fc       0x66 build/board/irq.o
                0x000000005000c2fc                do_irq
 .text.soc_irq_get_irq_num
                0x000000005000c362       0x14 build/board/irq_port.o
                0x000000005000c362                soc_irq_get_irq_num
 .text.soc_irq_end
                0x000000005000c376       0x14 build/board/irq_port.o
                0x000000005000c376                soc_irq_end
 .text.soc_get_coretim_freq
                0x000000005000c38a        0x6 build/board/sys_clk.o
                0x000000005000c38a                soc_get_coretim_freq
 .text.soc_get_uart_freq
                0x000000005000c390        0x6 build/board/sys_clk.o
                0x000000005000c390                soc_get_uart_freq
 .text.soc_set_sys_freq
                0x000000005000c396        0x6 build/board/sys_clk.o
                0x000000005000c396                soc_set_sys_freq
 .text.SystemInit
                0x000000005000c39c      0x150 build/board/system.o
                0x000000005000c39c                SystemInit
 .text.target_get
                0x000000005000c4ec       0x50 build/board/target_get.o
                0x000000005000c4ec                target_get
 .text.rt_hw_tick_isr
                0x000000005000c53c       0x6a build/board/tick.o
                0x000000005000c53c                rt_hw_tick_isr
 .text.csi_tick_init
                0x000000005000c5a6       0x90 build/board/tick.o
                0x000000005000c5a6                csi_tick_init
 .text.mdelay   0x000000005000c636       0x50 build/board/tick.o
                0x000000005000c636                mdelay
 .text.rt_hw_tick_init
                0x000000005000c686       0x34 build/board/tick.o
                0x000000005000c686                rt_hw_tick_init
 .text.trap_c   0x000000005000c6ba       0xc2 build/board/trap_c.o
                0x000000005000c6ba                trap_c
 .text.exceptionHandler
                0x000000005000c77c        0x8 build/board/trap_c.o
                0x000000005000c77c                exceptionHandler
 .text.csi_uart_init
                0x000000005000c784       0x5a build/board/uart.o
                0x000000005000c784                csi_uart_init
 .text.csi_uart_baud
                0x000000005000c7de       0x3a build/board/uart.o
                0x000000005000c7de                csi_uart_baud
 .text.csi_uart_format
                0x000000005000c818       0xc6 build/board/uart.o
                0x000000005000c818                csi_uart_format
 .text.csi_uart_putc
                0x000000005000c8de       0x38 build/board/uart.o
                0x000000005000c8de                csi_uart_putc
 .text.dw_uart_irq_handler
                0x000000005000c916      0x134 build/board/uart.o
                0x000000005000c916                dw_uart_irq_handler
 .text.csi_uart_getc
                0x000000005000ca4a       0x16 build/board/uart.o
                0x000000005000ca4a                csi_uart_getc
 .text.rt_device_register
                0x000000005000ca60       0x4c build/kernel/components/drivers/core/device.o
                0x000000005000ca60                rt_device_register
 .text.rt_device_find
                0x000000005000caac        0x6 build/kernel/components/drivers/core/device.o
                0x000000005000caac                rt_device_find
 .text.rt_device_open
                0x000000005000cab2      0x14c build/kernel/components/drivers/core/device.o
                0x000000005000cab2                rt_device_open
 .text.rt_device_close
                0x000000005000cbfe       0x8a build/kernel/components/drivers/core/device.o
                0x000000005000cbfe                rt_device_close
 .text.rt_device_read
                0x000000005000cc88       0xa4 build/kernel/components/drivers/core/device.o
                0x000000005000cc88                rt_device_read
 .text.rt_device_write
                0x000000005000cd2c       0xa4 build/kernel/components/drivers/core/device.o
                0x000000005000cd2c                rt_device_write
 .text.rt_device_set_rx_indicate
                0x000000005000cdd0       0x5a build/kernel/components/drivers/core/device.o
                0x000000005000cdd0                rt_device_set_rx_indicate
 .text.clock_cpu_setops
                0x000000005000ce2a       0x60 build/kernel/components/drivers/cputime/cputime.o
                0x000000005000ce2a                clock_cpu_setops
 .text.riscv_cputime_getres
                0x000000005000ce8a        0x2 build/kernel/components/drivers/cputime/cputime_riscv.o
 .text.riscv_cputime_gettime
                0x000000005000ce8c        0x6 build/kernel/components/drivers/cputime/cputime_riscv.o
 .text.riscv_cputime_init
                0x000000005000ce92       0x18 build/kernel/components/drivers/cputime/cputime_riscv.o
                0x000000005000ce92                riscv_cputime_init
 .text.rt_completion_wait
                0x000000005000ceaa        0x4 build/kernel/components/drivers/ipc/completion_comm.o
                0x000000005000ceaa                rt_completion_wait
 .text.rt_completion_init
                0x000000005000ceae       0x3a build/kernel/components/drivers/ipc/completion_up.o
                0x000000005000ceae                rt_completion_init
 .text.rt_completion_wait_flags
                0x000000005000cee8      0x224 build/kernel/components/drivers/ipc/completion_up.o
                0x000000005000cee8                rt_completion_wait_flags
 .text.rt_data_queue_init
                0x000000005000d10c       0xa0 build/kernel/components/drivers/ipc/dataqueue.o
                0x000000005000d10c                rt_data_queue_init
 .text.rt_data_queue_push
                0x000000005000d1ac      0x260 build/kernel/components/drivers/ipc/dataqueue.o
                0x000000005000d1ac                rt_data_queue_push
 .text.rt_data_queue_reset
                0x000000005000d40c       0x92 build/kernel/components/drivers/ipc/dataqueue.o
                0x000000005000d40c                rt_data_queue_reset
 .text.rt_data_queue_deinit
                0x000000005000d49e       0x7a build/kernel/components/drivers/ipc/dataqueue.o
                0x000000005000d49e                rt_data_queue_deinit
 .text._pin_cmd_print_usage
                0x000000005000d518       0xc2 build/kernel/components/drivers/pin/pin.o
 .text._pin_cmd
                0x000000005000d5da      0x34e build/kernel/components/drivers/pin/pin.o
 .text._serial_fifo_calc_recved_len
                0x000000005000d928       0x78 build/kernel/components/drivers/serial/serial.o
 .text.rt_serial_control
                0x000000005000d9a0      0x118 build/kernel/components/drivers/serial/serial.o
 .text.rt_serial_init
                0x000000005000dab8       0x56 build/kernel/components/drivers/serial/serial.o
 .text.rt_serial_open
                0x000000005000db0e      0x2c8 build/kernel/components/drivers/serial/serial.o
 .text.rt_serial_write
                0x000000005000ddd6      0x18a build/kernel/components/drivers/serial/serial.o
 .text.rt_serial_read
                0x000000005000df60      0x2f6 build/kernel/components/drivers/serial/serial.o
 .text.rt_serial_close
                0x000000005000e256      0x1a2 build/kernel/components/drivers/serial/serial.o
 .text.rt_hw_serial_register
                0x000000005000e3f8       0x9e build/kernel/components/drivers/serial/serial.o
                0x000000005000e3f8                rt_hw_serial_register
 .text.clear    0x000000005000e496       0x18 build/kernel/components/finsh/cmd.o
 .text.version  0x000000005000e4ae       0x10 build/kernel/components/finsh/cmd.o
 .text.list_get_next.part.0
                0x000000005000e4be       0x86 build/kernel/components/finsh/cmd.o
 .text.list_thread
                0x000000005000e544      0x24c build/kernel/components/finsh/cmd.o
                0x000000005000e544                list_thread
 .text.list_sem
                0x000000005000e790      0x156 build/kernel/components/finsh/cmd.o
                0x000000005000e790                list_sem
 .text.list_event
                0x000000005000e8e6      0x154 build/kernel/components/finsh/cmd.o
                0x000000005000e8e6                list_event
 .text.list_mutex
                0x000000005000ea3a      0x172 build/kernel/components/finsh/cmd.o
                0x000000005000ea3a                list_mutex
 .text.list_mailbox
                0x000000005000ebac      0x164 build/kernel/components/finsh/cmd.o
                0x000000005000ebac                list_mailbox
 .text.list_msgqueue
                0x000000005000ed10      0x156 build/kernel/components/finsh/cmd.o
                0x000000005000ed10                list_msgqueue
 .text.list_mempool
                0x000000005000ee66      0x16c build/kernel/components/finsh/cmd.o
                0x000000005000ee66                list_mempool
 .text.list_timer
                0x000000005000efd2      0x16e build/kernel/components/finsh/cmd.o
                0x000000005000efd2                list_timer
 .text.list_device
                0x000000005000f140      0x144 build/kernel/components/finsh/cmd.o
                0x000000005000f140                list_device
 .text.cmd_list
                0x000000005000f284       0x88 build/kernel/components/finsh/cmd.o
 .text.msh_help
                0x000000005000f30c       0x5a build/kernel/components/finsh/msh.o
 .text.cmd_ps   0x000000005000f366       0x10 build/kernel/components/finsh/msh.o
 .text.cmd_free
                0x000000005000f376       0x58 build/kernel/components/finsh/msh.o
 .text.msh_get_cmd
                0x000000005000f3ce       0x62 build/kernel/components/finsh/msh.o
 .text.msh_get_cmd_opt
                0x000000005000f430       0x7a build/kernel/components/finsh/msh.o
 .text.msh_exec
                0x000000005000f4aa      0x1ca build/kernel/components/finsh/msh.o
                0x000000005000f4aa                msh_exec
 .text.msh_auto_complete
                0x000000005000f674      0x138 build/kernel/components/finsh/msh.o
                0x000000005000f674                msh_auto_complete
 .text.msh_opt_auto_complete
                0x000000005000f7ac      0x18a build/kernel/components/finsh/msh.o
                0x000000005000f7ac                msh_opt_auto_complete
 .text.msh_cmd_opt_id_get
                0x000000005000f936       0x42 build/kernel/components/finsh/msh.o
                0x000000005000f936                msh_cmd_opt_id_get
 .text.msh_opt_list_dump
                0x000000005000f978       0x32 build/kernel/components/finsh/msh.o
                0x000000005000f978                msh_opt_list_dump
 .text.msh_isint
                0x000000005000f9aa       0x42 build/kernel/components/finsh/msh_parse.o
                0x000000005000f9aa                msh_isint
 .text.finsh_rx_ind
                0x000000005000f9ec       0x44 build/kernel/components/finsh/shell.o
 .text.finsh_get_prompt.part.0
                0x000000005000fa30       0x78 build/kernel/components/finsh/shell.o
 .text.finsh_system_init
                0x000000005000faa8       0xb4 build/kernel/components/finsh/shell.o
                0x000000005000faa8                finsh_system_init
 .text.finsh_get_prompt
                0x000000005000fb5c       0x34 build/kernel/components/finsh/shell.o
                0x000000005000fb5c                finsh_get_prompt
 .text.finsh_getchar
                0x000000005000fb90       0x7c build/kernel/components/finsh/shell.o
                0x000000005000fb90                finsh_getchar
 .text.finsh_set_device
                0x000000005000fc0c       0xc6 build/kernel/components/finsh/shell.o
                0x000000005000fc0c                finsh_set_device
 .text.finsh_thread_entry
                0x000000005000fcd2      0x50e build/kernel/components/finsh/shell.o
 .text.rt_tick_get
                0x00000000500101e0       0x1e build/kernel/src/clock.o
                0x00000000500101e0                rt_tick_get
 .text.rt_tick_increase
                0x00000000500101fe       0x4e build/kernel/src/clock.o
                0x00000000500101fe                rt_tick_increase
 .text.rti_start
                0x000000005001024c        0x4 build/kernel/src/components.o
 .text.main_thread_entry
                0x0000000050010250       0x32 build/kernel/src/components.o
 .text.rti_end  0x0000000050010282        0x4 build/kernel/src/components.o
 .text.rti_board_start
                0x0000000050010286        0x4 build/kernel/src/components.o
 .text.rti_board_end
                0x000000005001028a        0x4 build/kernel/src/components.o
 .text.rt_components_board_init
                0x000000005001028e       0x30 build/kernel/src/components.o
                0x000000005001028e                rt_components_board_init
 .text.rt_application_init
                0x00000000500102be       0x5a build/kernel/src/components.o
                0x00000000500102be                rt_application_init
 .text.entry    0x0000000050010318       0x30 build/kernel/src/components.o
                0x0000000050010318                entry
 .text.rt_spin_lock_init
                0x0000000050010348        0x2 build/kernel/src/cpu_up.o
                0x0000000050010348                rt_spin_lock_init
 .text.rt_spin_lock
                0x000000005001034a        0x4 build/kernel/src/cpu_up.o
                0x000000005001034a                rt_spin_lock
 .text.rt_spin_unlock
                0x000000005001034e        0x6 build/kernel/src/cpu_up.o
                0x000000005001034e                rt_spin_unlock
 .text.rt_spin_lock_irqsave
                0x0000000050010354       0x1a build/kernel/src/cpu_up.o
                0x0000000050010354                rt_spin_lock_irqsave
 .text.rt_spin_unlock_irqrestore
                0x000000005001036e       0x1a build/kernel/src/cpu_up.o
                0x000000005001036e                rt_spin_unlock_irqrestore
 .text.rt_cpu_self
                0x0000000050010388        0xa build/kernel/src/cpu_up.o
                0x0000000050010388                rt_cpu_self
 .text.rt_cpu_index
                0x0000000050010392       0x10 build/kernel/src/cpu_up.o
                0x0000000050010392                rt_cpu_index
 .text.idle_thread_entry
                0x00000000500103a2       0x8a build/kernel/src/idle.o
 .text.rt_thread_defunct_enqueue
                0x000000005001042c       0x3a build/kernel/src/idle.o
                0x000000005001042c                rt_thread_defunct_enqueue
 .text.rt_thread_idle_init
                0x0000000050010466       0x5c build/kernel/src/idle.o
                0x0000000050010466                rt_thread_idle_init
 .text._rt_sem_take
                0x00000000500104c2      0x1d6 build/kernel/src/ipc.o
 .text.rt_susp_list_dequeue
                0x0000000050010698       0x64 build/kernel/src/ipc.o
                0x0000000050010698                rt_susp_list_dequeue
 .text.rt_susp_list_resume_all_irq
                0x00000000500106fc       0x42 build/kernel/src/ipc.o
                0x00000000500106fc                rt_susp_list_resume_all_irq
 .text.rt_susp_list_enqueue
                0x000000005001073e       0xa8 build/kernel/src/ipc.o
                0x000000005001073e                rt_susp_list_enqueue
 .text._rt_mutex_take
                0x00000000500107e6      0x592 build/kernel/src/ipc.o
 .text.rt_susp_list_print
                0x0000000050010d78       0x60 build/kernel/src/ipc.o
                0x0000000050010d78                rt_susp_list_print
 .text.rt_sem_init
                0x0000000050010dd8       0xa6 build/kernel/src/ipc.o
                0x0000000050010dd8                rt_sem_init
 .text.rt_sem_take
                0x0000000050010e7e        0x6 build/kernel/src/ipc.o
                0x0000000050010e7e                rt_sem_take
 .text.rt_sem_release
                0x0000000050010e84       0xc2 build/kernel/src/ipc.o
                0x0000000050010e84                rt_sem_release
 .text.rt_sem_control
                0x0000000050010f46      0x128 build/kernel/src/ipc.o
                0x0000000050010f46                rt_sem_control
 .text.rt_mutex_init
                0x000000005001106e       0x6a build/kernel/src/ipc.o
                0x000000005001106e                rt_mutex_init
 .text.rt_mutex_drop_thread
                0x00000000500110d8      0x25a build/kernel/src/ipc.o
                0x00000000500110d8                rt_mutex_drop_thread
 .text.rt_mutex_take
                0x0000000050011332        0x6 build/kernel/src/ipc.o
                0x0000000050011332                rt_mutex_take
 .text.rt_mutex_release
                0x0000000050011338      0x27a build/kernel/src/ipc.o
                0x0000000050011338                rt_mutex_release
 .text.rt_interrupt_enter
                0x00000000500115b2       0x2a build/kernel/src/irq.o
                0x00000000500115b2                rt_interrupt_enter
 .text.rt_interrupt_leave
                0x00000000500115dc       0x24 build/kernel/src/irq.o
                0x00000000500115dc                rt_interrupt_leave
 .text.rt_interrupt_get_nest
                0x0000000050011600       0x2e build/kernel/src/irq.o
                0x0000000050011600                rt_interrupt_get_nest
 .text.print_number
                0x000000005001162e      0x2c6 build/kernel/src/klibc/kstdio.o
 .text.rt_vsnprintf
                0x00000000500118f4      0x4b0 build/kernel/src/klibc/kstdio.o
                0x00000000500118f4                rt_vsnprintf
 .text.rt_snprintf
                0x0000000050011da4       0x20 build/kernel/src/klibc/kstdio.o
                0x0000000050011da4                rt_snprintf
 .text.rt_strerror
                0x0000000050011dc4       0x42 build/kernel/src/klibc/kstdio.o
                0x0000000050011dc4                rt_strerror
 .text.rt_set_errno
                0x0000000050011e06       0x2a build/kernel/src/klibc/kstdio.o
                0x0000000050011e06                rt_set_errno
 .text._rt_errno
                0x0000000050011e30       0x24 build/kernel/src/klibc/kstdio.o
                0x0000000050011e30                _rt_errno
 .text.rt_memset
                0x0000000050011e54       0x98 build/kernel/src/klibc/kstring.o
                0x0000000050011e54                rt_memset
 .text.rt_memcpy
                0x0000000050011eec       0xb4 build/kernel/src/klibc/kstring.o
                0x0000000050011eec                rt_memcpy
 .text.rt_memmove
                0x0000000050011fa0       0x40 build/kernel/src/klibc/kstring.o
                0x0000000050011fa0                rt_memmove
 .text.rt_strncpy
                0x0000000050011fe0       0x2e build/kernel/src/klibc/kstring.o
                0x0000000050011fe0                rt_strncpy
 .text.rt_strncmp
                0x000000005001200e       0x2e build/kernel/src/klibc/kstring.o
                0x000000005001200e                rt_strncmp
 .text.rt_strcmp
                0x000000005001203c       0x32 build/kernel/src/klibc/kstring.o
                0x000000005001203c                rt_strcmp
 .text.rt_strlen
                0x000000005001206e       0x1a build/kernel/src/klibc/kstring.o
                0x000000005001206e                rt_strlen
 .text.rt_console_get_device
                0x0000000050012088        0x6 build/kernel/src/kservice.o
                0x0000000050012088                rt_console_get_device
 .text.rt_console_set_device
                0x000000005001208e       0x44 build/kernel/src/kservice.o
                0x000000005001208e                rt_console_set_device
 .text.rt_hw_console_output
                0x00000000500120d2        0x2 build/kernel/src/kservice.o
                0x00000000500120d2                rt_hw_console_output
 .text.rt_kprintf
                0x00000000500120d4       0x76 build/kernel/src/kservice.o
                0x00000000500120d4                rt_kprintf
 .text.rt_hw_backtrace_frame_get
                0x000000005001214a       0x3a build/kernel/src/kservice.o
                0x000000005001214a                rt_hw_backtrace_frame_get
 .text.rt_hw_backtrace_frame_unwind
                0x0000000050012184       0x3a build/kernel/src/kservice.o
                0x0000000050012184                rt_hw_backtrace_frame_unwind
 .text.rt_show_version
                0x00000000500121be       0x4e build/kernel/src/kservice.o
                0x00000000500121be                rt_show_version
 .text.rt_backtrace_frame
                0x000000005001220c       0x5c build/kernel/src/kservice.o
                0x000000005001220c                rt_backtrace_frame
 .text.rt_backtrace
                0x0000000050012268       0x3c build/kernel/src/kservice.o
                0x0000000050012268                rt_backtrace
 .text.cmd_backtrace
                0x00000000500122a4       0xb4 build/kernel/src/kservice.o
 .text.__rt_ffs
                0x0000000050012358       0x7a build/kernel/src/kservice.o
                0x0000000050012358                __rt_ffs
 .text.rt_assert_handler
                0x00000000500123d2       0x3c build/kernel/src/kservice.o
                0x00000000500123d2                rt_assert_handler
 .text.rt_system_heap_init_generic
                0x000000005001240e       0x66 build/kernel/src/kservice.o
                0x000000005001240e                rt_system_heap_init_generic
 .text.rt_system_heap_init
                0x0000000050012474        0x4 build/kernel/src/kservice.o
                0x0000000050012474                rt_system_heap_init
 .text.rt_free  0x0000000050012478       0x6e build/kernel/src/kservice.o
                0x0000000050012478                rt_free
 .text.rt_memory_info
                0x00000000500124e6       0x8e build/kernel/src/kservice.o
                0x00000000500124e6                rt_memory_info
 .text.rt_malloc
                0x0000000050012574       0x7e build/kernel/src/kservice.o
                0x0000000050012574                rt_malloc
 .text.rt_calloc
                0x00000000500125f2       0x2a build/kernel/src/kservice.o
                0x00000000500125f2                rt_calloc
 .text.rt_realloc
                0x000000005001261c       0x8e build/kernel/src/kservice.o
                0x000000005001261c                rt_realloc
 .text.plug_holes
                0x00000000500126aa       0xb0 build/kernel/src/mem.o
 .text.rt_smem_init
                0x000000005001275a       0xb8 build/kernel/src/mem.o
                0x000000005001275a                rt_smem_init
 .text.rt_smem_alloc
                0x0000000050012812      0x1a4 build/kernel/src/mem.o
                0x0000000050012812                rt_smem_alloc
 .text.rt_smem_free
                0x00000000500129b6      0x14e build/kernel/src/mem.o
                0x00000000500129b6                rt_smem_free
 .text.rt_smem_realloc
                0x0000000050012b04      0x1bc build/kernel/src/mem.o
                0x0000000050012b04                rt_smem_realloc
 .text._match_name
                0x0000000050012cc0       0x32 build/kernel/src/object.o
 .text.rt_object_get_information
                0x0000000050012cf2       0x2e build/kernel/src/object.o
                0x0000000050012cf2                rt_object_get_information
 .text.rt_object_init
                0x0000000050012d20      0x11c build/kernel/src/object.o
                0x0000000050012d20                rt_object_init
 .text.rt_object_detach
                0x0000000050012e3c       0xa8 build/kernel/src/object.o
                0x0000000050012e3c                rt_object_detach
 .text.rt_object_allocate
                0x0000000050012ee4      0x104 build/kernel/src/object.o
                0x0000000050012ee4                rt_object_allocate
 .text.rt_object_delete
                0x0000000050012fe8       0xce build/kernel/src/object.o
                0x0000000050012fe8                rt_object_delete
 .text.rt_object_is_systemobject
                0x00000000500130b6       0x42 build/kernel/src/object.o
                0x00000000500130b6                rt_object_is_systemobject
 .text.rt_object_get_type
                0x00000000500130f8       0x42 build/kernel/src/object.o
                0x00000000500130f8                rt_object_get_type
 .text.rt_object_for_each
                0x000000005001313a       0xd6 build/kernel/src/object.o
                0x000000005001313a                rt_object_for_each
 .text.rt_object_find
                0x0000000050013210       0x66 build/kernel/src/object.o
                0x0000000050013210                rt_object_find
 .text.rt_sched_thread_init_ctx
                0x0000000050013276        0x6 build/kernel/src/scheduler_comm.o
                0x0000000050013276                rt_sched_thread_init_ctx
 .text.rt_sched_thread_timer_start
                0x000000005001327c       0x12 build/kernel/src/scheduler_comm.o
                0x000000005001327c                rt_sched_thread_timer_start
 .text.rt_sched_thread_timer_stop
                0x000000005001328e       0x2e build/kernel/src/scheduler_comm.o
                0x000000005001328e                rt_sched_thread_timer_stop
 .text.rt_sched_thread_get_stat
                0x00000000500132bc        0x8 build/kernel/src/scheduler_comm.o
                0x00000000500132bc                rt_sched_thread_get_stat
 .text.rt_sched_thread_get_curr_prio
                0x00000000500132c4        0x6 build/kernel/src/scheduler_comm.o
                0x00000000500132c4                rt_sched_thread_get_curr_prio
 .text.rt_sched_thread_get_init_prio
                0x00000000500132ca        0x6 build/kernel/src/scheduler_comm.o
                0x00000000500132ca                rt_sched_thread_get_init_prio
 .text.rt_sched_thread_is_suspended
                0x00000000500132d0        0xc build/kernel/src/scheduler_comm.o
                0x00000000500132d0                rt_sched_thread_is_suspended
 .text.rt_sched_thread_close
                0x00000000500132dc        0xa build/kernel/src/scheduler_comm.o
                0x00000000500132dc                rt_sched_thread_close
 .text.rt_sched_thread_ready
                0x00000000500132e6       0x58 build/kernel/src/scheduler_comm.o
                0x00000000500132e6                rt_sched_thread_ready
 .text.rt_sched_tick_increase
                0x000000005001333e       0x5a build/kernel/src/scheduler_comm.o
                0x000000005001333e                rt_sched_tick_increase
 .text.rt_sched_thread_change_priority
                0x0000000050013398       0x8c build/kernel/src/scheduler_comm.o
                0x0000000050013398                rt_sched_thread_change_priority
 .text.rt_scheduler_stack_check
                0x0000000050013424       0xa6 build/kernel/src/scheduler_comm.o
                0x0000000050013424                rt_scheduler_stack_check
 .text.rt_sched_lock
                0x00000000500134ca       0x1e build/kernel/src/scheduler_up.o
                0x00000000500134ca                rt_sched_lock
 .text.rt_sched_unlock
                0x00000000500134e8       0x10 build/kernel/src/scheduler_up.o
                0x00000000500134e8                rt_sched_unlock
 .text.rt_system_scheduler_init
                0x00000000500134f8       0x24 build/kernel/src/scheduler_up.o
                0x00000000500134f8                rt_system_scheduler_init
 .text.rt_sched_thread_startup
                0x000000005001351c       0x16 build/kernel/src/scheduler_up.o
                0x000000005001351c                rt_sched_thread_startup
 .text.rt_sched_thread_init_priv
                0x0000000050013532       0x58 build/kernel/src/scheduler_up.o
                0x0000000050013532                rt_sched_thread_init_priv
 .text.rt_sched_insert_thread
                0x000000005001358a       0xac build/kernel/src/scheduler_up.o
                0x000000005001358a                rt_sched_insert_thread
 .text.rt_sched_remove_thread
                0x0000000050013636       0x7a build/kernel/src/scheduler_up.o
                0x0000000050013636                rt_sched_remove_thread
 .text.rt_system_scheduler_start
                0x00000000500136b0       0x42 build/kernel/src/scheduler_up.o
                0x00000000500136b0                rt_system_scheduler_start
 .text.rt_schedule
                0x00000000500136f2      0x110 build/kernel/src/scheduler_up.o
                0x00000000500136f2                rt_schedule
 .text.rt_sched_unlock_n_resched
                0x0000000050013802       0x22 build/kernel/src/scheduler_up.o
                0x0000000050013802                rt_sched_unlock_n_resched
 .text.rt_enter_critical
                0x0000000050013824       0x2e build/kernel/src/scheduler_up.o
                0x0000000050013824                rt_enter_critical
 .text.rt_exit_critical
                0x0000000050013852       0x46 build/kernel/src/scheduler_up.o
                0x0000000050013852                rt_exit_critical
 .text.rt_exit_critical_safe
                0x0000000050013898        0x4 build/kernel/src/scheduler_up.o
                0x0000000050013898                rt_exit_critical_safe
 .text.rt_critical_level
                0x000000005001389c        0x6 build/kernel/src/scheduler_up.o
                0x000000005001389c                rt_critical_level
 .text.rt_sched_thread_bind_cpu
                0x00000000500138a2        0x4 build/kernel/src/scheduler_up.o
                0x00000000500138a2                rt_sched_thread_bind_cpu
 .text._thread_timeout
                0x00000000500138a6       0x9a build/kernel/src/thread.o
 .text._thread_init.constprop.0
                0x0000000050013940       0xb4 build/kernel/src/thread.o
 .text.rt_thread_init
                0x00000000500139f4       0xac build/kernel/src/thread.o
                0x00000000500139f4                rt_thread_init
 .text.rt_thread_self
                0x0000000050013aa0       0x10 build/kernel/src/thread.o
                0x0000000050013aa0                rt_thread_self
 .text.rt_thread_close
                0x0000000050013ab0       0x6c build/kernel/src/thread.o
                0x0000000050013ab0                rt_thread_close
 .text._thread_exit
                0x0000000050013b1c       0x32 build/kernel/src/thread.o
 .text._thread_detach
                0x0000000050013b4e       0x98 build/kernel/src/thread.o
 .text.rt_thread_detach
                0x0000000050013be6       0x80 build/kernel/src/thread.o
                0x0000000050013be6                rt_thread_detach
 .text.rt_thread_create
                0x0000000050013c66       0x80 build/kernel/src/thread.o
                0x0000000050013c66                rt_thread_create
 .text.rt_thread_delete
                0x0000000050013ce6       0x80 build/kernel/src/thread.o
                0x0000000050013ce6                rt_thread_delete
 .text.rt_thread_suspend_to_list
                0x0000000050013d66      0x166 build/kernel/src/thread.o
                0x0000000050013d66                rt_thread_suspend_to_list
 .text.rt_thread_suspend_with_flag
                0x0000000050013ecc        0xa build/kernel/src/thread.o
                0x0000000050013ecc                rt_thread_suspend_with_flag
 .text.rt_thread_resume
                0x0000000050013ed6       0x86 build/kernel/src/thread.o
                0x0000000050013ed6                rt_thread_resume
 .text.rt_thread_startup
                0x0000000050013f5c       0x80 build/kernel/src/thread.o
                0x0000000050013f5c                rt_thread_startup
 .text.rt_thread_control
                0x0000000050013fdc       0xf0 build/kernel/src/thread.o
                0x0000000050013fdc                rt_thread_control
 .text._timer_start
                0x00000000500140cc       0xa0 build/kernel/src/timer.o
 .text._timer_check
                0x000000005001416c      0x108 build/kernel/src/timer.o
 .text._timer_thread_entry
                0x0000000050014274       0x34 build/kernel/src/timer.o
 .text.rt_timer_init
                0x00000000500142a8       0xb8 build/kernel/src/timer.o
                0x00000000500142a8                rt_timer_init
 .text.rt_timer_detach
                0x0000000050014360       0xbe build/kernel/src/timer.o
                0x0000000050014360                rt_timer_detach
 .text.rt_timer_start
                0x000000005001441e      0x112 build/kernel/src/timer.o
                0x000000005001441e                rt_timer_start
 .text.rt_timer_stop
                0x0000000050014530       0xbc build/kernel/src/timer.o
                0x0000000050014530                rt_timer_stop
 .text.rt_timer_control
                0x00000000500145ec      0x154 build/kernel/src/timer.o
                0x00000000500145ec                rt_timer_control
 .text.rt_timer_check
                0x0000000050014740       0x80 build/kernel/src/timer.o
                0x0000000050014740                rt_timer_check
 .text.rt_system_timer_init
                0x00000000500147c0       0x18 build/kernel/src/timer.o
                0x00000000500147c0                rt_system_timer_init
 .text.rt_system_timer_thread_init
                0x00000000500147d8       0x80 build/kernel/src/timer.o
                0x00000000500147d8                rt_system_timer_thread_init
 *(.gnu.linkonce.t.*)
 *(.plt)
 *(.gnu_warning)
 *(.gcc_execpt_table)
 *(.glue_7)
 *(.glue_7t)
 *(.ARM.extab)
 *(.gnu.linkonce.armextab.*)
                0x0000000050014858                . = ALIGN (0x8)
 *fill*         0x0000000050014858        0x0 
                0x0000000050014858                __fsymtab_start = .
 *(FSymTab)
 FSymTab        0x0000000050014858       0x20 build/kernel/components/drivers/pin/pin.o
                0x0000000050014858                __fsym_pin
 FSymTab        0x0000000050014878       0x60 build/kernel/components/finsh/cmd.o
                0x0000000050014878                __fsym_list
                0x0000000050014898                __fsym_version
                0x00000000500148b8                __fsym_clear
 FSymTab        0x00000000500148d8       0x60 build/kernel/components/finsh/msh.o
                0x00000000500148d8                __fsym_free
                0x00000000500148f8                __fsym_ps
                0x0000000050014918                __fsym_help
 FSymTab        0x0000000050014938       0x20 build/kernel/src/kservice.o
                0x0000000050014938                __fsym_backtrace
                0x0000000050014958                __fsymtab_end = .
                0x0000000050014958                . = ALIGN (0x8)
                0x0000000050014958                __vsymtab_start = .
 *(VSymTab)
                0x0000000050014958                __vsymtab_end = .
                0x0000000050014958                . = ALIGN (0x8)
                0x0000000050014958                . = ALIGN (0x8)
                0x0000000050014958                __rt_init_start = .
 *(SORT_BY_NAME(.rti_fn*))
 .rti_fn.0      0x0000000050014958        0x8 build/kernel/src/components.o
                0x0000000050014958                __rt_init_rti_start
 .rti_fn.0.end  0x0000000050014960        0x8 build/kernel/src/components.o
                0x0000000050014960                __rt_init_rti_board_start
 .rti_fn.1      0x0000000050014968        0x8 build/kernel/components/drivers/cputime/cputime_riscv.o
                0x0000000050014968                __rt_init_riscv_cputime_init
 .rti_fn.1.end  0x0000000050014970        0x8 build/kernel/src/components.o
                0x0000000050014970                __rt_init_rti_board_end
 .rti_fn.6      0x0000000050014978        0x8 build/kernel/components/finsh/shell.o
                0x0000000050014978                __rt_init_finsh_system_init
 .rti_fn.6.end  0x0000000050014980        0x8 build/kernel/src/components.o
                0x0000000050014980                __rt_init_rti_end
                0x0000000050014988                __rt_init_end = .
                0x0000000050014988                . = ALIGN (0x8)
                0x0000000050014988                __rt_utest_tc_tab_start = .
 *(UtestTcTab)
                0x0000000050014988                __rt_utest_tc_tab_end = .

.init
 *(.init)

.fini
 *(.fini)

.interp
 *(.interp)

.note-ABI-tag
 *(.note-ABI-tag)

.rodata         0x0000000050014990     0x3ae0
                0x00000000500149c0                . = ALIGN (0x40)
 *fill*         0x0000000050014990       0x30 
                0x00000000500149c0                __rodata_start = .
 *(.rodata)
 .rodata        0x00000000500149c0      0x101 /opt/Xuantie-900-gcc-elf-newlib-x86_64-V2.8.1/bin/../lib/gcc/riscv64-unknown-elf/10.4.0/../../../../riscv64-unknown-elf/lib/rv64imafdc/lp64d/libc.a(lib_a-ctype_.o)
                0x00000000500149c0                _ctype_
 *fill*         0x0000000050014ac1        0x7 
 .rodata        0x0000000050014ac8      0x190 /opt/Xuantie-900-gcc-elf-newlib-x86_64-V2.8.1/bin/../lib/gcc/riscv64-unknown-elf/10.4.0/../../../../riscv64-unknown-elf/lib/rv64imafdc/lp64d/libc.a(lib_a-vfprintf.o)
 .rodata        0x0000000050014c58      0x262 /opt/Xuantie-900-gcc-elf-newlib-x86_64-V2.8.1/bin/../lib/gcc/riscv64-unknown-elf/10.4.0/../../../../riscv64-unknown-elf/lib/rv64imafdc/lp64d/libc.a(lib_a-ldtoa.o)
 *fill*         0x0000000050014eba        0x6 
 .rodata        0x0000000050014ec0      0x128 /opt/Xuantie-900-gcc-elf-newlib-x86_64-V2.8.1/bin/../lib/gcc/riscv64-unknown-elf/10.4.0/../../../../riscv64-unknown-elf/lib/rv64imafdc/lp64d/libc.a(lib_a-mprec.o)
                0x0000000050014ed0                __mprec_tens
                0x0000000050014f98                __mprec_tinytens
                0x0000000050014fc0                __mprec_bigtens
 .rodata        0x0000000050014fe8      0x190 /opt/Xuantie-900-gcc-elf-newlib-x86_64-V2.8.1/bin/../lib/gcc/riscv64-unknown-elf/10.4.0/../../../../riscv64-unknown-elf/lib/rv64imafdc/lp64d/libc.a(lib_a-svfprintf.o)
 .rodata        0x0000000050015178      0x190 /opt/Xuantie-900-gcc-elf-newlib-x86_64-V2.8.1/bin/../lib/gcc/riscv64-unknown-elf/10.4.0/../../../../riscv64-unknown-elf/lib/rv64imafdc/lp64d/libc.a(lib_a-vfiprintf.o)
 .rodata        0x0000000050015308      0x190 /opt/Xuantie-900-gcc-elf-newlib-x86_64-V2.8.1/bin/../lib/gcc/riscv64-unknown-elf/10.4.0/../../../../riscv64-unknown-elf/lib/rv64imafdc/lp64d/libc.a(lib_a-svfiprintf.o)
 .rodata        0x0000000050015498       0x3c /opt/Xuantie-900-gcc-elf-newlib-x86_64-V2.8.1/bin/../lib/gcc/riscv64-unknown-elf/10.4.0/rv64imafdc/lp64d/libgcc.a(multf3.o)
 *fill*         0x00000000500154d4        0x4 
 .rodata        0x00000000500154d8      0x100 /opt/Xuantie-900-gcc-elf-newlib-x86_64-V2.8.1/bin/../lib/gcc/riscv64-unknown-elf/10.4.0/rv64imafdc/lp64d/libgcc.a(_clz.o)
                0x00000000500154d8                __clz_tab
 *(.rodata.*)
 .rodata.__rt_libc_exit.str1.8
                0x00000000500155d8       0x36 build/kernel/components/libc/compilers/common/cstdlib.o
 *fill*         0x000000005001560e        0x2 
 .rodata._close_r.str1.8
                0x0000000050015610       0x47 build/kernel/components/libc/compilers/newlib/syscalls.o
                                         0x4e (size before relaxing)
 *fill*         0x0000000050015657        0x1 
 .rodata.__func__.0
                0x0000000050015658        0x9 build/kernel/components/libc/compilers/newlib/syscalls.o
 *fill*         0x0000000050015661        0x7 
 .rodata.__func__.7
                0x0000000050015668        0x9 build/kernel/components/libc/compilers/newlib/syscalls.o
 *fill*         0x0000000050015671        0x7 
 .rodata.__func__.8
                0x0000000050015678        0x9 build/kernel/components/libc/compilers/newlib/syscalls.o
 *fill*         0x0000000050015681        0x7 
 .rodata.main.str1.8
                0x0000000050015688       0x10 build/applications/main.o
 .rodata.rt_hw_board_init.str1.8
                0x0000000050015698       0x39 build/board/board.o
 *fill*         0x00000000500156d1        0x7 
 .rodata.uart_isr.str1.8
                0x00000000500156d8       0x1a build/board/board_uart.o
 .rodata.rt_hw_uart_init.str1.8
                0x00000000500156f2        0x6 build/board/board_uart.o
 *fill*         0x00000000500156f2        0x6 
 .rodata.drv_uart_ops
                0x00000000500156f8       0x28 build/board/board_uart.o
 .rodata.g_soc_info
                0x0000000050015720       0x50 build/board/devices.o
                0x0000000050015720                g_soc_info
 .rodata.rt_hw_interrupt_handler.str1.8
                0x0000000050015770       0x23 build/board/interrupt.o
 *fill*         0x0000000050015793        0x5 
 .rodata.rt_hw_tick_init.str1.8
                0x0000000050015798       0x30 build/board/tick.o
 .rodata.trap_c.str1.8
                0x00000000500157c8       0x45 build/board/trap_c.o
                                         0x4d (size before relaxing)
 *fill*         0x000000005001580d        0x3 
 .rodata.rt_device_unregister.str1.8
                0x0000000050015810       0x78 build/kernel/components/drivers/core/device.o
 .rodata.rt_device_init.str1.8
                0x0000000050015888       0x4d build/kernel/components/drivers/core/device.o
                                         0x56 (size before relaxing)
 *fill*         0x00000000500158d5        0x3 
 .rodata.rt_device_open.str1.8
                0x00000000500158d8       0x14 build/kernel/components/drivers/core/device.o
 *fill*         0x00000000500158ec        0x4 
 .rodata.__FUNCTION__.1
                0x00000000500158f0       0x1a build/kernel/components/drivers/core/device.o
 *fill*         0x000000005001590a        0x6 
 .rodata.__FUNCTION__.3
                0x0000000050015910       0x10 build/kernel/components/drivers/core/device.o
 .rodata.__FUNCTION__.4
                0x0000000050015920        0xf build/kernel/components/drivers/core/device.o
 *fill*         0x000000005001592f        0x1 
 .rodata.__FUNCTION__.5
                0x0000000050015930       0x10 build/kernel/components/drivers/core/device.o
 .rodata.__FUNCTION__.6
                0x0000000050015940        0xf build/kernel/components/drivers/core/device.o
 *fill*         0x000000005001594f        0x1 
 .rodata.clock_cpu_setops.str1.8
                0x0000000050015950       0x40 build/kernel/components/drivers/cputime/cputime.o
 .rodata.__FUNCTION__.0
                0x0000000050015990       0x11 build/kernel/components/drivers/cputime/cputime.o
 *fill*         0x00000000500159a1        0x7 
 .rodata._riscv_ops
                0x00000000500159a8       0x18 build/kernel/components/drivers/cputime/cputime_riscv.o
 .rodata.rt_completion_init.str1.8
                0x00000000500159c0       0x16 build/kernel/components/drivers/ipc/completion_up.o
 *fill*         0x00000000500159d6        0x2 
 .rodata.rt_completion_wait_flags.str1.8
                0x00000000500159d8       0xd1 build/kernel/components/drivers/ipc/completion_up.o
                                         0xd9 (size before relaxing)
 *fill*         0x0000000050015aa9        0x7 
 .rodata.__FUNCTION__.1
                0x0000000050015ab0       0x19 build/kernel/components/drivers/ipc/completion_up.o
 *fill*         0x0000000050015ac9        0x7 
 .rodata.__FUNCTION__.2
                0x0000000050015ad0       0x13 build/kernel/components/drivers/ipc/completion_up.o
 *fill*         0x0000000050015ae3        0x5 
 .rodata.rt_data_queue_init.str1.8
                0x0000000050015ae8       0x21 build/kernel/components/drivers/ipc/dataqueue.o
 *fill*         0x0000000050015b09        0x7 
 .rodata.rt_data_queue_push.str1.8
                0x0000000050015b10       0x20 build/kernel/components/drivers/ipc/dataqueue.o
                                         0xb7 (size before relaxing)
 .rodata.__FUNCTION__.1
                0x0000000050015b30       0x15 build/kernel/components/drivers/ipc/dataqueue.o
 *fill*         0x0000000050015b45        0x3 
 .rodata.__FUNCTION__.2
                0x0000000050015b48       0x14 build/kernel/components/drivers/ipc/dataqueue.o
 *fill*         0x0000000050015b5c        0x4 
 .rodata.__FUNCTION__.5
                0x0000000050015b60       0x13 build/kernel/components/drivers/ipc/dataqueue.o
 *fill*         0x0000000050015b73        0x5 
 .rodata.__FUNCTION__.6
                0x0000000050015b78       0x13 build/kernel/components/drivers/ipc/dataqueue.o
 *fill*         0x0000000050015b8b        0x5 
 .rodata._pin_cmd_print_usage.str1.8
                0x0000000050015b90      0x1ef build/kernel/components/drivers/pin/pin.o
                                        0x1f2 (size before relaxing)
 *fill*         0x0000000050015d7f        0x1 
 .rodata._pin_cmd.str1.8
                0x0000000050015d80       0xcc build/kernel/components/drivers/pin/pin.o
 *fill*         0x0000000050015e4c        0x4 
 .rodata.__FUNCTION__.0
                0x0000000050015e50        0xb build/kernel/components/drivers/pin/pin.o
 *fill*         0x0000000050015e5b        0x5 
 .rodata.__FUNCTION__.1
                0x0000000050015e60        0xc build/kernel/components/drivers/pin/pin.o
 *fill*         0x0000000050015e6c        0x4 
 .rodata.__FUNCTION__.2
                0x0000000050015e70        0xd build/kernel/components/drivers/pin/pin.o
 *fill*         0x0000000050015e7d        0x3 
 .rodata.__FUNCTION__.3
                0x0000000050015e80        0xc build/kernel/components/drivers/pin/pin.o
 *fill*         0x0000000050015e8c        0x4 
 .rodata.name   0x0000000050015e90       0x14 build/kernel/components/drivers/pin/pin.o
                0x0000000050015e90                __fsym_pin_desc
                0x0000000050015ea0                __fsym_pin_name
 *fill*         0x0000000050015ea4        0x4 
 .rodata._serial_fifo_calc_recved_len.str1.8
                0x0000000050015ea8       0x13 build/kernel/components/drivers/serial/serial.o
 .rodata.rt_serial_control.str1.8
                0x0000000050015ebb        0xf build/kernel/components/drivers/serial/serial.o
 *fill*         0x0000000050015ebb        0x1 
 .rodata.rt_serial_control
                0x0000000050015ebc       0x28 build/kernel/components/drivers/serial/serial.o
 *fill*         0x0000000050015ee4        0x4 
 .rodata.rt_serial_open.str1.8
                0x0000000050015ee8       0x42 build/kernel/components/drivers/serial/serial.o
 *fill*         0x0000000050015f2a        0x6 
 .rodata.rt_serial_write.str1.8
                0x0000000050015f30        0xe build/kernel/components/drivers/serial/serial.o
 *fill*         0x0000000050015f3e        0x2 
 .rodata.rt_serial_read.str1.8
                0x0000000050015f40       0x7e build/kernel/components/drivers/serial/serial.o
 *fill*         0x0000000050015fbe        0x2 
 .rodata.rt_hw_serial_register.str1.8
                0x0000000050015fc0       0x12 build/kernel/components/drivers/serial/serial.o
 *fill*         0x0000000050015fd2        0x6 
 .rodata.__FUNCTION__.10
                0x0000000050015fd8        0xf build/kernel/components/drivers/serial/serial.o
 *fill*         0x0000000050015fe7        0x1 
 .rodata.__FUNCTION__.11
                0x0000000050015fe8        0xf build/kernel/components/drivers/serial/serial.o
 *fill*         0x0000000050015ff7        0x1 
 .rodata.__FUNCTION__.13
                0x0000000050015ff8        0xf build/kernel/components/drivers/serial/serial.o
 *fill*         0x0000000050016007        0x1 
 .rodata.__FUNCTION__.14
                0x0000000050016008       0x10 build/kernel/components/drivers/serial/serial.o
 .rodata.__FUNCTION__.15
                0x0000000050016018       0x12 build/kernel/components/drivers/serial/serial.o
 *fill*         0x000000005001602a        0x6 
 .rodata.__FUNCTION__.16
                0x0000000050016030       0x16 build/kernel/components/drivers/serial/serial.o
 *fill*         0x0000000050016046        0x2 
 .rodata.__FUNCTION__.3
                0x0000000050016048        0xf build/kernel/components/drivers/serial/serial.o
 *fill*         0x0000000050016057        0x1 
 .rodata.__FUNCTION__.4
                0x0000000050016058        0xf build/kernel/components/drivers/serial/serial.o
 *fill*         0x0000000050016067        0x1 
 .rodata.__FUNCTION__.5
                0x0000000050016068       0x10 build/kernel/components/drivers/serial/serial.o
 .rodata.__FUNCTION__.7
                0x0000000050016078       0x1d build/kernel/components/drivers/serial/serial.o
 *fill*         0x0000000050016095        0x3 
 .rodata.__FUNCTION__.8
                0x0000000050016098       0x1d build/kernel/components/drivers/serial/serial.o
 *fill*         0x00000000500160b5        0x3 
 .rodata.__FUNCTION__.9
                0x00000000500160b8        0xf build/kernel/components/drivers/serial/serial.o
 *fill*         0x00000000500160c7        0x1 
 .rodata.clear.str1.8
                0x00000000500160c8        0x8 build/kernel/components/finsh/cmd.o
 .rodata.list_thread.str1.8
                0x00000000500160d0      0x121 build/kernel/components/finsh/cmd.o
                                        0x139 (size before relaxing)
 *fill*         0x00000000500161f1        0x7 
 .rodata.list_sem.str1.8
                0x00000000500161f8       0x68 build/kernel/components/finsh/cmd.o
 .rodata.list_event.str1.8
                0x0000000050016260       0x7a build/kernel/components/finsh/cmd.o
 *fill*         0x00000000500162da        0x6 
 .rodata.list_mutex.str1.8
                0x00000000500162e0       0x9e build/kernel/components/finsh/cmd.o
 *fill*         0x000000005001637e        0x2 
 .rodata.list_mailbox.str1.8
                0x0000000050016380       0x7e build/kernel/components/finsh/cmd.o
 *fill*         0x00000000500163fe        0x2 
 .rodata.list_msgqueue.str1.8
                0x0000000050016400       0x71 build/kernel/components/finsh/cmd.o
 *fill*         0x0000000050016471        0x7 
 .rodata.list_mempool.str1.8
                0x0000000050016478       0x94 build/kernel/components/finsh/cmd.o
 *fill*         0x000000005001650c        0x4 
 .rodata.list_timer.str1.8
                0x0000000050016510       0xda build/kernel/components/finsh/cmd.o
 *fill*         0x00000000500165ea        0x6 
 .rodata.list_device.str1.8
                0x00000000500165f0       0x73 build/kernel/components/finsh/cmd.o
 *fill*         0x0000000050016663        0x5 
 .rodata.cmd_list.str1.8
                0x0000000050016668       0x24 build/kernel/components/finsh/cmd.o
 .rodata.cmd_list
                0x000000005001668c       0x2c build/kernel/components/finsh/cmd.o
 .rodata.str1.8
                0x00000000500166b8      0x29b build/kernel/components/finsh/cmd.o
 *fill*         0x0000000050016953        0x5 
 .rodata.device_type_str
                0x0000000050016958       0xf8 build/kernel/components/finsh/cmd.o
 .rodata.name   0x0000000050016a50       0x6e build/kernel/components/finsh/cmd.o
                0x0000000050016a50                __fsym_list_desc
                0x0000000050016a60                __fsym_list_name
                0x0000000050016a68                __fsym_version_desc
                0x0000000050016a90                __fsym_version_name
                0x0000000050016a98                __fsym_clear_desc
                0x0000000050016ab8                __fsym_clear_name
 *fill*         0x0000000050016abe        0x2 
 .rodata.msh_help.str1.8
                0x0000000050016ac0       0x2c build/kernel/components/finsh/msh.o
                                         0x32 (size before relaxing)
 *fill*         0x0000000050016aec        0x4 
 .rodata.cmd_free.str1.8
                0x0000000050016af0       0x3f build/kernel/components/finsh/msh.o
 *fill*         0x0000000050016b2f        0x1 
 .rodata.msh_exec.str1.8
                0x0000000050016b30       0x58 build/kernel/components/finsh/msh.o
 .rodata.msh_auto_complete.str1.8
                0x0000000050016b88       0x58 build/kernel/components/finsh/msh.o
                                          0x4 (size before relaxing)
 .rodata.msh_opt_list_dump.str1.8
                0x0000000050016b88       0x10 build/kernel/components/finsh/msh.o
 .rodata.name   0x0000000050016b98       0x75 build/kernel/components/finsh/msh.o
                0x0000000050016b98                __fsym_free_desc
                0x0000000050016bc0                __fsym_free_name
                0x0000000050016bc8                __fsym_ps_desc
                0x0000000050016be8                __fsym_ps_name
                0x0000000050016bf0                __fsym_help_desc
                0x0000000050016c08                __fsym_help_name
 *fill*         0x0000000050016c0d        0x3 
 .rodata.finsh_rx_ind.str1.8
                0x0000000050016c10       0x11 build/kernel/components/finsh/shell.o
 *fill*         0x0000000050016c21        0x7 
 .rodata.finsh_get_prompt.part.0.str1.8
                0x0000000050016c28        0x5 build/kernel/components/finsh/shell.o
 *fill*         0x0000000050016c2d        0x3 
 .rodata.finsh_system_init.str1.8
                0x0000000050016c30       0x25 build/kernel/components/finsh/shell.o
 *fill*         0x0000000050016c55        0x3 
 .rodata.finsh_set_device.str1.8
                0x0000000050016c58       0x20 build/kernel/components/finsh/shell.o
 .rodata.finsh_thread_entry.str1.8
                0x0000000050016c78       0x33 build/kernel/components/finsh/shell.o
                                         0x3b (size before relaxing)
 *fill*         0x0000000050016cab        0x5 
 .rodata.__FUNCTION__.3
                0x0000000050016cb0        0xd build/kernel/components/finsh/shell.o
 *fill*         0x0000000050016cbd        0x3 
 .rodata.__FUNCTION__.4
                0x0000000050016cc0       0x11 build/kernel/components/finsh/shell.o
 *fill*         0x0000000050016cd1        0x7 
 .rodata.__FUNCTION__.5
                0x0000000050016cd8        0xe build/kernel/components/finsh/shell.o
 *fill*         0x0000000050016ce6        0x2 
 .rodata.__FUNCTION__.6
                0x0000000050016ce8       0x16 build/kernel/components/finsh/shell.o
 *fill*         0x0000000050016cfe        0x2 
 .rodata.rt_tick_increase.str1.8
                0x0000000050016d00       0x1c build/kernel/src/clock.o
 *fill*         0x0000000050016d1c        0x4 
 .rodata.__FUNCTION__.1
                0x0000000050016d20       0x11 build/kernel/src/clock.o
 *fill*         0x0000000050016d31        0x7 
 .rodata.rt_application_init.str1.8
                0x0000000050016d38       0x17 build/kernel/src/components.o
 *fill*         0x0000000050016d4f        0x1 
 .rodata.__FUNCTION__.0
                0x0000000050016d50       0x14 build/kernel/src/components.o
 *fill*         0x0000000050016d64        0x4 
 .rodata.rt_thread_idle_init.str1.8
                0x0000000050016d68        0x8 build/kernel/src/idle.o
 .rodata._rt_sem_take.str1.8
                0x0000000050016d70       0x55 build/kernel/src/ipc.o
                                         0xef (size before relaxing)
 *fill*         0x0000000050016dc5        0x3 
 .rodata.rt_susp_list_dequeue.str1.8
                0x0000000050016dc8       0x15 build/kernel/src/ipc.o
 *fill*         0x0000000050016ddd        0x3 
 .rodata._rt_mutex_take.str1.8
                0x0000000050016de0       0x8f build/kernel/src/ipc.o
 *fill*         0x0000000050016e6f        0x1 
 .rodata.rt_susp_list_print.str1.8
                0x0000000050016e70        0xa build/kernel/src/ipc.o
 *fill*         0x0000000050016e7a        0x6 
 .rodata.rt_sem_init.str1.8
                0x0000000050016e80       0x51 build/kernel/src/ipc.o
 *fill*         0x0000000050016ed1        0x7 
 .rodata.rt_mutex_drop_thread.str1.8
                0x0000000050016ed8       0x48 build/kernel/src/ipc.o
 .rodata.rt_mutex_release.str1.8
                0x0000000050016f20       0x2a build/kernel/src/ipc.o
 *fill*         0x0000000050016f4a        0x6 
 .rodata.__FUNCTION__.23
                0x0000000050016f50       0x11 build/kernel/src/ipc.o
 *fill*         0x0000000050016f61        0x7 
 .rodata.__FUNCTION__.24
                0x0000000050016f68        0xf build/kernel/src/ipc.o
 *fill*         0x0000000050016f77        0x1 
 .rodata.__FUNCTION__.29
                0x0000000050016f78       0x15 build/kernel/src/ipc.o
 *fill*         0x0000000050016f8d        0x3 
 .rodata.__FUNCTION__.31
                0x0000000050016f90        0xe build/kernel/src/ipc.o
 *fill*         0x0000000050016f9e        0x2 
 .rodata.__FUNCTION__.32
                0x0000000050016fa0        0xf build/kernel/src/ipc.o
 *fill*         0x0000000050016faf        0x1 
 .rodata.__FUNCTION__.33
                0x0000000050016fb0        0xf build/kernel/src/ipc.o
 *fill*         0x0000000050016fbf        0x1 
 .rodata.__FUNCTION__.34
                0x0000000050016fc0        0xd build/kernel/src/ipc.o
 *fill*         0x0000000050016fcd        0x3 
 .rodata.__FUNCTION__.38
                0x0000000050016fd0        0xc build/kernel/src/ipc.o
 *fill*         0x0000000050016fdc        0x4 
 .rodata.__FUNCTION__.39
                0x0000000050016fe0       0x15 build/kernel/src/ipc.o
 *fill*         0x0000000050016ff5        0x3 
 .rodata.__FUNCTION__.40
                0x0000000050016ff8       0x15 build/kernel/src/ipc.o
 *fill*         0x000000005001700d        0x3 
 .rodata.rt_vsnprintf.str1.8
                0x0000000050017010        0x7 build/kernel/src/klibc/kstdio.o
 *fill*         0x0000000050017017        0x1 
 .rodata.rt_vsnprintf
                0x0000000050017018      0x150 build/kernel/src/klibc/kstdio.o
 .rodata.rt_strerror.str1.8
                0x0000000050017168        0x8 build/kernel/src/klibc/kstdio.o
 .rodata.str1.8
                0x0000000050017170       0x78 build/kernel/src/klibc/kstdio.o
 .rodata.large_digits.1
                0x00000000500171e8       0x11 build/kernel/src/klibc/kstdio.o
 *fill*         0x00000000500171f9        0x7 
 .rodata.rt_errno_strs
                0x0000000050017200       0xf0 build/kernel/src/klibc/kstdio.o
 .rodata.small_digits.0
                0x00000000500172f0       0x11 build/kernel/src/klibc/kstdio.o
 *fill*         0x0000000050017301        0x7 
 .rodata.rt_hw_us_delay.str1.8
                0x0000000050017308       0x8f build/kernel/src/kservice.o
                                         0x96 (size before relaxing)
 *fill*         0x0000000050017397        0x1 
 .rodata.rt_hw_backtrace_frame_get.str1.8
                0x0000000050017398       0x16 build/kernel/src/kservice.o
 *fill*         0x00000000500173ae        0x2 
 .rodata.rt_show_version.str1.8
                0x00000000500173b0       0xaa build/kernel/src/kservice.o
 *fill*         0x000000005001745a        0x6 
 .rodata.rt_backtrace_frame.str1.8
                0x0000000050017460       0x37 build/kernel/src/kservice.o
                                         0x3a (size before relaxing)
 *fill*         0x0000000050017497        0x1 
 .rodata.cmd_backtrace.str1.8
                0x0000000050017498       0xea build/kernel/src/kservice.o
 *fill*         0x0000000050017582        0x6 
 .rodata.rt_assert_handler.str1.8
                0x0000000050017588       0x37 build/kernel/src/kservice.o
 *fill*         0x00000000500175bf        0x1 
 .rodata.rt_system_heap_init_generic.str1.8
                0x00000000500175c0       0x1d build/kernel/src/kservice.o
 *fill*         0x00000000500175dd        0x3 
 .rodata.rt_free.str1.8
                0x00000000500175e0       0x10 build/kernel/src/kservice.o
 .rodata.__FUNCTION__.0
                0x00000000500175f0        0xd build/kernel/src/kservice.o
 *fill*         0x00000000500175fd        0x3 
 .rodata.__FUNCTION__.1
                0x0000000050017600       0x1c build/kernel/src/kservice.o
 *fill*         0x000000005001761c        0x4 
 .rodata.__func__.4
                0x0000000050017620       0x1d build/kernel/src/kservice.o
 *fill*         0x000000005001763d        0x3 
 .rodata.__func__.5
                0x0000000050017640       0x1a build/kernel/src/kservice.o
 *fill*         0x000000005001765a        0x6 
 .rodata.__lowest_bit_bitmap
                0x0000000050017660      0x100 build/kernel/src/kservice.o
                0x0000000050017660                __lowest_bit_bitmap
 .rodata.name   0x0000000050017760       0x2a build/kernel/src/kservice.o
                0x0000000050017760                __fsym_backtrace_desc
                0x0000000050017780                __fsym_backtrace_name
 *fill*         0x000000005001778a        0x6 
 .rodata.plug_holes.str1.8
                0x0000000050017790       0x56 build/kernel/src/mem.o
 *fill*         0x00000000500177e6        0x2 
 .rodata.rt_smem_init.str1.8
                0x00000000500177e8       0x42 build/kernel/src/mem.o
 *fill*         0x000000005001782a        0x6 
 .rodata.rt_smem_detach.str1.8
                0x0000000050017830       0x66 build/kernel/src/mem.o
                                         0x76 (size before relaxing)
 *fill*         0x0000000050017896        0x2 
 .rodata.rt_smem_alloc.str1.8
                0x0000000050017898       0xcf build/kernel/src/mem.o
 *fill*         0x0000000050017967        0x1 
 .rodata.rt_smem_free.str1.8
                0x0000000050017968      0x187 build/kernel/src/mem.o
 *fill*         0x0000000050017aef        0x1 
 .rodata.rt_smem_realloc.str1.8
                0x0000000050017af0       0x6f build/kernel/src/mem.o
 *fill*         0x0000000050017b5f        0x1 
 .rodata.__FUNCTION__.0
                0x0000000050017b60        0xd build/kernel/src/mem.o
 *fill*         0x0000000050017b6d        0x3 
 .rodata.__FUNCTION__.1
                0x0000000050017b70        0xb build/kernel/src/mem.o
 *fill*         0x0000000050017b7b        0x5 
 .rodata.__FUNCTION__.2
                0x0000000050017b80       0x10 build/kernel/src/mem.o
 .rodata.__FUNCTION__.3
                0x0000000050017b90        0xe build/kernel/src/mem.o
 *fill*         0x0000000050017b9e        0x2 
 .rodata.rt_object_init.str1.8
                0x0000000050017ba0       0x27 build/kernel/src/object.o
 *fill*         0x0000000050017bc7        0x1 
 .rodata.rt_object_detach.str1.8
                0x0000000050017bc8       0x12 build/kernel/src/object.o
 .rodata.rt_object_allocate.str1.8
                0x0000000050017bda       0x2a build/kernel/src/object.o
 *fill*         0x0000000050017bda        0x6 
 .rodata.rt_object_delete.str1.8
                0x0000000050017be0       0x29 build/kernel/src/object.o
 *fill*         0x0000000050017c09        0x7 
 .rodata.__FUNCTION__.0
                0x0000000050017c10        0xf build/kernel/src/object.o
 *fill*         0x0000000050017c1f        0x1 
 .rodata.__FUNCTION__.1
                0x0000000050017c20       0x13 build/kernel/src/object.o
 *fill*         0x0000000050017c33        0x5 
 .rodata.__FUNCTION__.2
                0x0000000050017c38       0x13 build/kernel/src/object.o
 *fill*         0x0000000050017c4b        0x5 
 .rodata.__FUNCTION__.3
                0x0000000050017c50       0x1a build/kernel/src/object.o
 *fill*         0x0000000050017c6a        0x6 
 .rodata.__FUNCTION__.4
                0x0000000050017c70       0x11 build/kernel/src/object.o
 *fill*         0x0000000050017c81        0x7 
 .rodata.__FUNCTION__.5
                0x0000000050017c88       0x13 build/kernel/src/object.o
 *fill*         0x0000000050017c9b        0x5 
 .rodata.__FUNCTION__.6
                0x0000000050017ca0       0x11 build/kernel/src/object.o
 *fill*         0x0000000050017cb1        0x7 
 .rodata.__FUNCTION__.7
                0x0000000050017cb8        0xf build/kernel/src/object.o